
****** Vitis HLS - High-Level Synthesis from C, C++ and OpenCL v2023.1 (64-bit)
  **** SW Build 3854077 on May  4 2023
  **** IP Build 3864474 on Sun May  7 20:36:21 MDT 2023
  **** SharedData Build 3865790 on Sun May 07 13:33:03 MDT 2023
    ** Copyright 1986-2022 Xilinx, Inc. All Rights Reserved.
    ** Copyright 2022-2023 Advanced Micro Devices, Inc. All Rights Reserved.

source /home/luci/tools/Xilinx/Vitis_HLS/2023.1/scripts/vitis_hls/hls.tcl -notrace
INFO: [HLS 200-10] Running '/home/luci/tools/Xilinx/Vitis_HLS/2023.1/bin/unwrapped/lnx64.o/vitis_hls'
INFO: [HLS 200-10] For user 'luci' on host 'luci-Rack-Server' (Linux_x86_64 version 6.8.0-79-generic) on Tue Apr 07 00:46:16 CST 2026
INFO: [HLS 200-10] On os Ubuntu 22.04.5 LTS
INFO: [HLS 200-10] In directory '/3.2T/work/fpga-fa'
Sourcing Tcl script '/tmp/fa_attention_kernel_csynth_only.tcl'
INFO: [HLS 200-1510] Running: source /tmp/fa_attention_kernel_csynth_only.tcl
INFO: [HLS 200-1510] Running: open_project -reset fa_attention_kernel_hls 
INFO: [HLS 200-10] Opening and resetting project '/3.2T/work/fpga-fa/fpga/hls/fa_attention_kernel/build/fa_attention_kernel_hls'.
INFO: [HLS 200-1510] Running: set_top fa_attention_kernel 
INFO: [HLS 200-1510] Running: add_files /3.2T/work/fpga-fa/fpga/hls/fa_attention_kernel/fa_attention_kernel.cpp 
INFO: [HLS 200-10] Adding design file '/3.2T/work/fpga-fa/fpga/hls/fa_attention_kernel/fa_attention_kernel.cpp' to the project
INFO: [HLS 200-1510] Running: add_files /3.2T/work/fpga-fa/fpga/common/fa_q8_8_attention.cpp 
INFO: [HLS 200-10] Adding design file '/3.2T/work/fpga-fa/fpga/common/fa_q8_8_attention.cpp' to the project
INFO: [HLS 200-1510] Running: add_files /3.2T/work/fpga-fa/fpga/common/fa_q8_8_fixed_point.cpp 
INFO: [HLS 200-10] Adding design file '/3.2T/work/fpga-fa/fpga/common/fa_q8_8_fixed_point.cpp' to the project
INFO: [HLS 200-1510] Running: add_files /3.2T/work/fpga-fa/fpga/common/fa_q8_8_recip_nr_q16_16.cpp 
INFO: [HLS 200-10] Adding design file '/3.2T/work/fpga-fa/fpga/common/fa_q8_8_recip_nr_q16_16.cpp' to the project
INFO: [HLS 200-1510] Running: add_files /3.2T/work/fpga-fa/fpga/common/fa_q8_8_qk_dotprod_slice.cpp 
INFO: [HLS 200-10] Adding design file '/3.2T/work/fpga-fa/fpga/common/fa_q8_8_qk_dotprod_slice.cpp' to the project
INFO: [HLS 200-1510] Running: add_files /3.2T/work/fpga-fa/fpga/common/fa_q8_8_online_softmax_ctx.cpp 
INFO: [HLS 200-10] Adding design file '/3.2T/work/fpga-fa/fpga/common/fa_q8_8_online_softmax_ctx.cpp' to the project
INFO: [HLS 200-1510] Running: add_files /3.2T/work/fpga-fa/fpga/common/fa_q8_8_o_normalize_block.cpp 
INFO: [HLS 200-10] Adding design file '/3.2T/work/fpga-fa/fpga/common/fa_q8_8_o_normalize_block.cpp' to the project
INFO: [HLS 200-1510] Running: add_files /3.2T/work/fpga-fa/fpga/common/fa_q8_8_row_context_rf.cpp 
INFO: [HLS 200-10] Adding design file '/3.2T/work/fpga-fa/fpga/common/fa_q8_8_row_context_rf.cpp' to the project
INFO: [HLS 200-1510] Running: open_solution -reset solution1 -flow_target vitis 
INFO: [HLS 200-10] Creating and opening solution '/3.2T/work/fpga-fa/fpga/hls/fa_attention_kernel/build/fa_attention_kernel_hls/solution1'.
INFO: [HLS 200-10] Cleaning up the solution database.
INFO: [HLS 200-1505] Using flow_target 'vitis'
Resolution: For help on HLS 200-1505 see www.xilinx.com/cgi-bin/docs/rdoc?v=2023.1;t=hls+guidance;d=200-1505.html
INFO: [HLS 200-435] Setting 'open_solution -flow_target vitis' configuration: config_interface -m_axi_latency=64
INFO: [HLS 200-435] Setting 'open_solution -flow_target vitis' configuration: config_interface -m_axi_alignment_byte_size=64
INFO: [HLS 200-435] Setting 'open_solution -flow_target vitis' configuration: config_interface -m_axi_max_widen_bitwidth=512
INFO: [HLS 200-435] Setting 'open_solution -flow_target vitis' configuration: config_rtl -register_reset_num=3
INFO: [HLS 200-1510] Running: set_part xck26-sfvc784-2LV-c 
INFO: [HLS 200-1611] Setting target device to 'xck26-sfvc784-2LV-c'
INFO: [HLS 200-1510] Running: create_clock -period 5.0 -name default 
INFO: [SYN 201-201] Setting up clock 'default' with a period of 5ns.
INFO: [HLS 200-1510] Running: csynth_design 
INFO: [HLS 200-111] Finished File checks and directory preparation: CPU user time: 0.08 seconds. CPU system time: 0.02 seconds. Elapsed time: 0.09 seconds; current allocated memory: 1.088 GB.
INFO: [HLS 200-10] Analyzing design file '/3.2T/work/fpga-fa/fpga/common/fa_q8_8_row_context_rf.cpp' ... 
INFO: [HLS 200-10] Analyzing design file '/3.2T/work/fpga-fa/fpga/common/fa_q8_8_o_normalize_block.cpp' ... 
INFO: [HLS 200-10] Analyzing design file '/3.2T/work/fpga-fa/fpga/common/fa_q8_8_online_softmax_ctx.cpp' ... 
INFO: [HLS 200-10] Analyzing design file '/3.2T/work/fpga-fa/fpga/common/fa_q8_8_qk_dotprod_slice.cpp' ... 
INFO: [HLS 200-10] Analyzing design file '/3.2T/work/fpga-fa/fpga/common/fa_q8_8_recip_nr_q16_16.cpp' ... 
INFO: [HLS 200-10] Analyzing design file '/3.2T/work/fpga-fa/fpga/common/fa_q8_8_fixed_point.cpp' ... 
INFO: [HLS 200-10] Analyzing design file '/3.2T/work/fpga-fa/fpga/common/fa_q8_8_attention.cpp' ... 
INFO: [HLS 200-10] Analyzing design file '/3.2T/work/fpga-fa/fpga/hls/fa_attention_kernel/fa_attention_kernel.cpp' ... 
INFO: [HLS 200-111] Finished Source Code Analysis and Preprocessing: CPU user time: 2.95 seconds. CPU system time: 7.86 seconds. Elapsed time: 10.8 seconds; current allocated memory: 1.092 GB.
INFO: [HLS 200-777] Using interface defaults for 'Vitis' flow target.
INFO: [HLS 200-1995] There were 2,398 instructions in the design after the 'Compile/Link' phase of compilation. See the Design Size Report for more details: /3.2T/work/fpga-fa/fpga/hls/fa_attention_kernel/build/fa_attention_kernel_hls/solution1/syn/report/csynth_design_size.rpt
INFO: [HLS 200-1995] There were 10,046 instructions in the design after the 'Unroll/Inline' phase of compilation. See the Design Size Report for more details: /3.2T/work/fpga-fa/fpga/hls/fa_attention_kernel/build/fa_attention_kernel_hls/solution1/syn/report/csynth_design_size.rpt
WARNING: [HLS 200-1995] There were 124,085 instructions in the design after the 'Performance/Pipeline' phase of compilation. See the Design Size Report for more details: /3.2T/work/fpga-fa/fpga/hls/fa_attention_kernel/build/fa_attention_kernel_hls/solution1/syn/report/csynth_design_size.rpt
WARNING: [HLS 200-1995] There were 123,867 instructions in the design after the 'Optimizations' phase of compilation. See the Design Size Report for more details: /3.2T/work/fpga-fa/fpga/hls/fa_attention_kernel/build/fa_attention_kernel_hls/solution1/syn/report/csynth_design_size.rpt
INFO: [HLS 214-291] Loop 'VITIS_LOOP_55_1' is marked as complete unroll implied by the pipeline pragma (/3.2T/work/fpga-fa/fpga/common/fa_q8_8_online_softmax_ctx.cpp:55:20)
INFO: [HLS 214-291] Loop 'VITIS_LOOP_36_3' is marked as complete unroll implied by the pipeline pragma (/3.2T/work/fpga-fa/fpga/common/fa_q8_8_qk_dotprod_slice.cpp:36:20)
INFO: [HLS 214-291] Loop 'VITIS_LOOP_23_2' is marked as complete unroll implied by the pipeline pragma (/3.2T/work/fpga-fa/fpga/common/fa_q8_8_qk_dotprod_slice.cpp:23:20)
INFO: [HLS 214-291] Loop 'VITIS_LOOP_17_1' is marked as complete unroll implied by the pipeline pragma (/3.2T/work/fpga-fa/fpga/common/fa_q8_8_qk_dotprod_slice.cpp:17:19)
INFO: [HLS 214-291] Loop 'VITIS_LOOP_22_3' is marked as complete unroll implied by the pipeline pragma (/3.2T/work/fpga-fa/fpga/common/fa_q8_8_row_context_rf.cpp:22:19)
INFO: [HLS 214-188] Unrolling loop 'VITIS_LOOP_12_1' (/3.2T/work/fpga-fa/fpga/common/fa_q8_8_o_normalize_block.cpp:12:20) in function 'fpga::fa::o_normalize_block_row' partially with a factor of 8 (/3.2T/work/fpga-fa/fpga/common/fa_q8_8_o_normalize_block.cpp:9:0)
INFO: [HLS 214-186] Unrolling loop 'VITIS_LOOP_55_1' (/3.2T/work/fpga-fa/fpga/common/fa_q8_8_online_softmax_ctx.cpp:55:20) in function 'fpga::fa::online_softmax_ctx_acc_row_step' completely with a factor of 64 (/3.2T/work/fpga-fa/fpga/common/fa_q8_8_online_softmax_ctx.cpp:40:0)
INFO: [HLS 214-186] Unrolling loop 'VITIS_LOOP_36_3' (/3.2T/work/fpga-fa/fpga/common/fa_q8_8_qk_dotprod_slice.cpp:36:20) in function 'fpga::fa::qk_dotprod_slice_pair' completely with a factor of 8 (/3.2T/work/fpga-fa/fpga/common/fa_q8_8_qk_dotprod_slice.cpp:10:0)
INFO: [HLS 214-186] Unrolling loop 'VITIS_LOOP_23_2' (/3.2T/work/fpga-fa/fpga/common/fa_q8_8_qk_dotprod_slice.cpp:23:20) in function 'fpga::fa::qk_dotprod_slice_pair' completely with a factor of 64 (/3.2T/work/fpga-fa/fpga/common/fa_q8_8_qk_dotprod_slice.cpp:10:0)
INFO: [HLS 214-186] Unrolling loop 'VITIS_LOOP_17_1' (/3.2T/work/fpga-fa/fpga/common/fa_q8_8_qk_dotprod_slice.cpp:17:19) in function 'fpga::fa::qk_dotprod_slice_pair' completely with a factor of 8 (/3.2T/work/fpga-fa/fpga/common/fa_q8_8_qk_dotprod_slice.cpp:10:0)
INFO: [HLS 214-186] Unrolling loop 'VITIS_LOOP_22_3' (/3.2T/work/fpga-fa/fpga/common/fa_q8_8_row_context_rf.cpp:22:19) in function 'fpga::fa::init_row_context_rf' completely with a factor of 8 (/3.2T/work/fpga-fa/fpga/common/fa_q8_8_row_context_rf.cpp:10:0)
INFO: [HLS 214-178] Inlining function 'fpga::fa::sat_s16(int)' into 'fpga::fa::q8_8_mul_sat(short, short)' (/3.2T/work/fpga-fa/fpga/common/fa_q8_8_fixed_point.cpp:19:0)
INFO: [HLS 214-178] Inlining function 'int const& std::min<int>(int const&, int const&)' into 'fpga::fa::(anonymous namespace)::generate_score_batch(short const (*) [64], short const (*) [64], int, int, int, int, int, short, short, bool, hls::stream<fpga::fa::(anonymous namespace)::ScorePacket, 0>&)' (/3.2T/work/fpga-fa/fpga/common/fa_q8_8_attention.cpp:78:0)
INFO: [HLS 214-178] Inlining function 'fpga::fa::q8_8_mul_sat(short, short)' into 'fpga::fa::(anonymous namespace)::generate_score_batch(short const (*) [64], short const (*) [64], int, int, int, int, int, short, short, bool, hls::stream<fpga::fa::(anonymous namespace)::ScorePacket, 0>&)' (/3.2T/work/fpga-fa/fpga/common/fa_q8_8_attention.cpp:78:0)
INFO: [HLS 214-178] Inlining function 'fpga::fa::exp2_ctx_q1_15(short)' into 'fpga::fa::online_softmax_ctx_acc_row_step(short, short const*, short&, unsigned int&, int*)' (/3.2T/work/fpga-fa/fpga/common/fa_q8_8_online_softmax_ctx.cpp:40:0)
INFO: [HLS 214-178] Inlining function 'fpga::fa::to_u32(unsigned long)' into 'fpga::fa::online_softmax_ctx_acc_row_step(short, short const*, short&, unsigned int&, int*)' (/3.2T/work/fpga-fa/fpga/common/fa_q8_8_online_softmax_ctx.cpp:40:0)
INFO: [HLS 214-178] Inlining function 'int const& std::min<int>(int const&, int const&)' into 'fpga::fa::(anonymous namespace)::consume_score_batch(short const (*) [64], short*, unsigned int*, int (*) [64], int, int, int, hls::stream<fpga::fa::(anonymous namespace)::ScorePacket, 0>&)' (/3.2T/work/fpga-fa/fpga/common/fa_q8_8_attention.cpp:136:0)
INFO: [HLS 214-178] Inlining function 'fpga::fa::clz32_cpp(unsigned int)' into 'fpga::fa::recip_nr_rtl_q16_16(unsigned int)' (/3.2T/work/fpga-fa/fpga/common/fa_q8_8_recip_nr_q16_16.cpp:8:0)
INFO: [HLS 214-178] Inlining function 'fpga::fa::mul_q1_31(unsigned int, unsigned int)' into 'fpga::fa::recip_nr_rtl_q16_16(unsigned int)' (/3.2T/work/fpga-fa/fpga/common/fa_q8_8_recip_nr_q16_16.cpp:8:0)
INFO: [HLS 214-178] Inlining function 'fpga::fa::mul_q1_31_corr(unsigned int, unsigned int, bool)' into 'fpga::fa::recip_nr_rtl_q16_16(unsigned int)' (/3.2T/work/fpga-fa/fpga/common/fa_q8_8_recip_nr_q16_16.cpp:8:0)
INFO: [HLS 214-178] Inlining function 'fpga::fa::sat_s16(int)' into 'fpga::fa::o_normalize_block_row(int const*, unsigned int, short*)' (/3.2T/work/fpga-fa/fpga/common/fa_q8_8_o_normalize_block.cpp:9:0)
INFO: [HLS 214-178] Inlining function 'fpga::fa::clear_profile(unsigned int*)' into 'fpga::fa::run_attention_tiled_hls(short const*, short const*, short const*, short*, int, int, short, short, bool, unsigned int*)' (/3.2T/work/fpga-fa/fpga/common/fa_q8_8_attention.cpp:265:0)
INFO: [HLS 214-178] Inlining function 'int const& std::min<int>(int const&, int const&)' into 'fpga::fa::run_attention_tiled_hls(short const*, short const*, short const*, short*, int, int, short, short, bool, unsigned int*)' (/3.2T/work/fpga-fa/fpga/common/fa_q8_8_attention.cpp:265:0)
INFO: [HLS 214-178] Inlining function 'fpga::fa::load_q_tile(short const*, short (*) [64], int, int, int)' into 'fpga::fa::run_attention_tiled_hls(short const*, short const*, short const*, short*, int, int, short, short, bool, unsigned int*)' (/3.2T/work/fpga-fa/fpga/common/fa_q8_8_attention.cpp:265:0)
INFO: [HLS 214-178] Inlining function 'fpga::fa::init_row_context(short*, unsigned int*, int (*) [64], int, short)' into 'fpga::fa::run_attention_tiled_hls(short const*, short const*, short const*, short*, int, int, short, short, bool, unsigned int*)' (/3.2T/work/fpga-fa/fpga/common/fa_q8_8_attention.cpp:265:0)
INFO: [HLS 214-178] Inlining function 'fpga::fa::load_kv_tile(short const*, short const*, short (*) [64], short (*) [64], int, int, int)' into 'fpga::fa::run_attention_tiled_hls(short const*, short const*, short const*, short*, int, int, short, short, bool, unsigned int*)' (/3.2T/work/fpga-fa/fpga/common/fa_q8_8_attention.cpp:265:0)
INFO: [HLS 214-178] Inlining function 'fpga::fa::normalize_tile(short const*, unsigned int const*, int const (*) [64], short (*) [64], int)' into 'fpga::fa::run_attention_tiled_hls(short const*, short const*, short const*, short*, int, int, short, short, bool, unsigned int*)' (/3.2T/work/fpga-fa/fpga/common/fa_q8_8_attention.cpp:265:0)
INFO: [HLS 214-178] Inlining function 'fpga::fa::store_o_tile(short const (*) [64], short*, int, int, int)' into 'fpga::fa::run_attention_tiled_hls(short const*, short const*, short const*, short*, int, int, short, short, bool, unsigned int*)' (/3.2T/work/fpga-fa/fpga/common/fa_q8_8_attention.cpp:265:0)
INFO: [HLS 214-248] Applying array_partition to 'q_tile': Cyclic partitioning with factor 2 on dimension 1. Cyclic partitioning with factor 8 on dimension 2. (/3.2T/work/fpga-fa/fpga/common/fa_q8_8_attention.cpp:284:11)
INFO: [HLS 214-248] Applying array_partition to 'k_tile_ping': Cyclic partitioning with factor 8 on dimension 2. (/3.2T/work/fpga-fa/fpga/common/fa_q8_8_attention.cpp:285:11)
INFO: [HLS 214-248] Applying array_partition to 'k_tile_pong': Cyclic partitioning with factor 8 on dimension 2. (/3.2T/work/fpga-fa/fpga/common/fa_q8_8_attention.cpp:286:11)
INFO: [HLS 214-248] Applying array_partition to 'v_tile_ping': Cyclic partitioning with factor 8 on dimension 2. (/3.2T/work/fpga-fa/fpga/common/fa_q8_8_attention.cpp:287:11)
INFO: [HLS 214-248] Applying array_partition to 'v_tile_pong': Cyclic partitioning with factor 8 on dimension 2. (/3.2T/work/fpga-fa/fpga/common/fa_q8_8_attention.cpp:288:11)
INFO: [HLS 214-248] Applying array_partition to 'o_tile': Cyclic partitioning with factor 2 on dimension 1. Cyclic partitioning with factor 8 on dimension 2. (/3.2T/work/fpga-fa/fpga/common/fa_q8_8_attention.cpp:289:11)
INFO: [HLS 214-248] Applying array_partition to 'row_m': Complete partitioning on dimension 1. (/3.2T/work/fpga-fa/fpga/common/fa_q8_8_attention.cpp:290:11)
INFO: [HLS 214-248] Applying array_partition to 'row_l': Complete partitioning on dimension 1. (/3.2T/work/fpga-fa/fpga/common/fa_q8_8_attention.cpp:291:12)
INFO: [HLS 214-248] Applying array_partition to 'row_acc': Cyclic partitioning with factor 2 on dimension 1. Cyclic partitioning with factor 8 on dimension 2. (/3.2T/work/fpga-fa/fpga/common/fa_q8_8_attention.cpp:292:11)
WARNING: [HLS 214-358] Array transformation on index using bit extension logic may lead to poor performance. Please use int or long for array index computation to benefit from optimizations. (/3.2T/work/fpga-fa/fpga/common/fa_q8_8_attention.cpp:145:37)
INFO: [HLS 214-241] Aggregating fifo (hls::stream) variable 'score_stream' with compact=bit mode in 32-bits (/3.2T/work/fpga-fa/fpga/common/fa_q8_8_attention.cpp:60:27)
INFO: [HLS 214-115] Multiple burst reads of variable length and bit width 16 in loop 'VITIS_LOOP_191_2'(/3.2T/work/fpga-fa/fpga/common/fa_q8_8_attention.cpp:191:23) has been inferred on bundle 'gmem1'. These burst requests might be further partitioned into multiple requests during RTL generation, based on max_read_burst_length or max_write_burst_length settings. (/3.2T/work/fpga-fa/fpga/common/fa_q8_8_attention.cpp:191:23)
INFO: [HLS 214-115] Multiple burst reads of variable length and bit width 16 in loop 'VITIS_LOOP_191_2'(/3.2T/work/fpga-fa/fpga/common/fa_q8_8_attention.cpp:191:23) has been inferred on bundle 'gmem2'. These burst requests might be further partitioned into multiple requests during RTL generation, based on max_read_burst_length or max_write_burst_length settings. (/3.2T/work/fpga-fa/fpga/common/fa_q8_8_attention.cpp:191:23)
INFO: [HLS 200-111] Finished Compiling Optimization and Transform: CPU user time: 5.97 seconds. CPU system time: 1.7 seconds. Elapsed time: 9.3 seconds; current allocated memory: 1.095 GB.
INFO: [HLS 200-111] Finished Checking Pragmas: CPU user time: 0 seconds. CPU system time: 0 seconds. Elapsed time: 0 seconds; current allocated memory: 1.095 GB.
INFO: [HLS 200-10] Starting code transformations ...
INFO: [HLS 200-111] Finished Standard Transforms: CPU user time: 0.47 seconds. CPU system time: 0.02 seconds. Elapsed time: 0.49 seconds; current allocated memory: 1.100 GB.
INFO: [HLS 200-10] Checking synthesizability ...
INFO: [XFORM 203-602] Inlining function 'fpga::fa::to_s32' into 'fpga::fa::online_softmax_ctx_acc_row_step' (/3.2T/work/fpga-fa/fpga/common/fa_q8_8_online_softmax_ctx.cpp:63) automatically.
WARNING: [SYNCHK 200-120] /3.2T/work/fpga-fa/fpga/common/fa_q8_8_attention.cpp:369: multiplication is assumed not to overflow by default, otherwise, please add option '-fwrapv'.
INFO: [SYNCHK 200-10] 0 error(s), 1 warning(s).
INFO: [HLS 200-111] Finished Checking Synthesizability: CPU user time: 0.57 seconds. CPU system time: 0.02 seconds. Elapsed time: 0.6 seconds; current allocated memory: 1.105 GB.
INFO: [XFORM 203-510] Pipelining loop 'VITIS_LOOP_12_1' (/3.2T/work/fpga-fa/fpga/common/fa_q8_8_o_normalize_block.cpp:12) in function 'fpga::fa::o_normalize_block_row' automatically.
WARNING: [XFORM 203-561] Updating loop lower bound from 0 to 1 for loop 'VITIS_LOOP_322_2' (/3.2T/work/fpga-fa/fpga/common/fa_q8_8_attention.cpp:323:9) in function 'fpga::fa::run_attention_tiled_hls'.
WARNING: [XFORM 203-561] Updating loop lower bound from 0 to 1 for loop 'VITIS_LOOP_307_1' (/3.2T/work/fpga-fa/fpga/common/fa_q8_8_attention.cpp:308:9) in function 'fpga::fa::run_attention_tiled_hls'.
WARNING: [XFORM 203-561] Updating loop lower bound from 0 to 4 for loop 'VITIS_LOOP_215_1' (/3.2T/work/fpga-fa/fpga/common/fa_q8_8_attention.cpp:215:29) in function 'fpga::fa::compute_kv_tile'.
INFO: [XFORM 203-602] Inlining function 'fpga::fa::to_s32' into 'fpga::fa::online_softmax_ctx_acc_row_step' (/3.2T/work/fpga-fa/fpga/common/fa_q8_8_online_softmax_ctx.cpp:63) automatically.
INFO: [XFORM 203-712] Applying dataflow to function 'fpga::fa::(anonymous namespace)::process_score_batch' (/3.2T/work/fpga-fa/fpga/common/fa_q8_8_attention.cpp:61:1), detected/extracted 2 process function(s): 
	 'fpga::fa::(anonymous namespace)::generate_score_batch'
	 'fpga::fa::(anonymous namespace)::consume_score_batch'.
INFO: [XFORM 203-401] Performing if-conversion on hyperblock from (/3.2T/work/fpga-fa/fpga/common/fa_q8_8_recip_nr_q16_16.cpp:8:39) to (/3.2T/work/fpga-fa/fpga/common/fa_q8_8_recip_nr_q16_16.cpp:45:1) in function 'fpga::fa::recip_nr_rtl_q16_16'... converting 7 basic blocks.
INFO: [XFORM 203-401] Performing if-conversion on hyperblock from (/3.2T/work/fpga-fa/fpga/common/fa_q8_8_online_softmax_ctx.cpp:41:9) to (/3.2T/work/fpga-fa/fpga/common/fa_q8_8_online_softmax_ctx.cpp:65:1) in function 'fpga::fa::online_softmax_ctx_acc_row_step'... converting 5 basic blocks.
INFO: [XFORM 203-401] Performing if-conversion on hyperblock from (/3.2T/work/fpga-fa/fpga/common/fa_q8_8_o_normalize_block.cpp:12:29) to (/3.2T/work/fpga-fa/fpga/common/fa_q8_8_o_normalize_block.cpp:12:20) in function 'fpga::fa::o_normalize_block_row'... converting 4 basic blocks.
INFO: [XFORM 203-401] Performing if-conversion on hyperblock from (/3.2T/work/fpga-fa/fpga/common/fa_q8_8_attention.cpp:96:7) to (/3.2T/work/fpga-fa/fpga/common/fa_q8_8_attention.cpp:111:11) in function 'fpga::fa::(anonymous namespace)::generate_score_batch'... converting 5 basic blocks.
INFO: [XFORM 203-602] Inlining function 'fpga::fa::recip_nr_rtl_q16_16' into 'fpga::fa::o_normalize_block_row' (/3.2T/work/fpga-fa/fpga/common/fa_q8_8_o_normalize_block.cpp:11) automatically.
INFO: [XFORM 203-11] Balancing expressions in function 'fpga::fa::qk_dotprod_slice_pair' (/3.2T/work/fpga-fa/fpga/common/fa_q8_8_qk_dotprod_slice.cpp:6:50)...120 expression(s) balanced.
INFO: [HLS 200-111] Finished Loop, function and other optimizations: CPU user time: 2.59 seconds. CPU system time: 0.04 seconds. Elapsed time: 2.63 seconds; current allocated memory: 1.139 GB.
INFO: [XFORM 203-541] Flattening a loop nest 'VITIS_LOOP_172_1' (/3.2T/work/fpga-fa/fpga/common/fa_q8_8_attention.cpp:172:21) in function 'fpga::fa::run_attention_tiled_hls'.
INFO: [XFORM 203-541] Flattening a loop nest 'VITIS_LOOP_190_1' (/3.2T/work/fpga-fa/fpga/common/fa_q8_8_attention.cpp:190:21) in function 'fpga::fa::run_attention_tiled_hls'.
INFO: [XFORM 203-541] Flattening a loop nest 'VITIS_LOOP_190_1' (/3.2T/work/fpga-fa/fpga/common/fa_q8_8_attention.cpp:190:21) in function 'fpga::fa::run_attention_tiled_hls'.
INFO: [XFORM 203-541] Flattening a loop nest 'VITIS_LOOP_190_1' (/3.2T/work/fpga-fa/fpga/common/fa_q8_8_attention.cpp:190:21) in function 'fpga::fa::run_attention_tiled_hls'.
WARNING: [HLS 200-960] Cannot flatten loop 'VITIS_LOOP_322_2' (/3.2T/work/fpga-fa/fpga/common/fa_q8_8_attention.cpp:322:23) in function 'fpga::fa::run_attention_tiled_hls' more than one sub loop.
Resolution: For help on HLS 200-960 see www.xilinx.com/cgi-bin/docs/rdoc?v=2023.1;t=hls+guidance;d=200-960.html
INFO: [XFORM 203-541] Flattening a loop nest 'VITIS_LOOP_243_1' (/3.2T/work/fpga-fa/fpga/common/fa_q8_8_attention.cpp:243:21) in function 'fpga::fa::run_attention_tiled_hls'.
WARNING: [HLS 200-960] Cannot flatten loop 'VITIS_LOOP_307_1' (/3.2T/work/fpga-fa/fpga/common/fa_q8_8_attention.cpp:307:20) in function 'fpga::fa::run_attention_tiled_hls' more than one sub loop.
Resolution: For help on HLS 200-960 see www.xilinx.com/cgi-bin/docs/rdoc?v=2023.1;t=hls+guidance;d=200-960.html
INFO: [XFORM 203-541] Flattening a loop nest 'VITIS_LOOP_17_1' (/3.2T/work/fpga-fa/fpga/common/fa_q8_8_row_context_rf.cpp:17:19) in function 'fpga::fa::init_row_context_rf'.
INFO: [XFORM 203-541] Flattening a loop nest 'VITIS_LOOP_83_1' (/3.2T/work/fpga-fa/fpga/common/fa_q8_8_attention.cpp:83:20) in function 'fpga::fa::(anonymous namespace)::generate_score_batch'.
WARNING: [HLS 200-1449] Process (anonymous namespace)consume_score_batch has both a predecessor and reads an input from its caller (see the GUI dataflow viewer). This may lead to lower throughput. Consider copying this input via a predecessor process.
INFO: [HLS 200-111] Finished Architecture Synthesis: CPU user time: 2.52 seconds. CPU system time: 0.12 seconds. Elapsed time: 2.65 seconds; current allocated memory: 1.340 GB.
INFO: [HLS 200-10] Starting hardware synthesis ...
INFO: [HLS 200-10] Synthesizing 'fa_attention_kernel' ...
WARNING: [SYN 201-103] Legalizing function name '(anonymous namespace)generate_score_batch_Pipeline_VITIS_LOOP_83_1_VITIS_LOOP_85' to 'p_anonymous_namespace_generate_score_batch_Pipeline_VITIS_LOOP_83_1_VITIS_LOOP_85'.
WARNING: [SYN 201-103] Legalizing function name '(anonymous namespace)generate_score_batch' to 'p_anonymous_namespace_generate_score_batch'.
WARNING: [SYN 201-103] Legalizing function name '(anonymous namespace)consume_score_batch_Pipeline_VITIS_LOOP_141_1' to 'p_anonymous_namespace_consume_score_batch_Pipeline_VITIS_LOOP_141_1'.
WARNING: [SYN 201-103] Legalizing function name '(anonymous namespace)consume_score_batch' to 'p_anonymous_namespace_consume_score_batch'.
WARNING: [SYN 201-103] Legalizing function name '(anonymous namespace)process_score_batch' to 'p_anonymous_namespace_process_score_batch'.
WARNING: [SYN 201-107] Renaming port name 'fa_attention_kernel/table' to 'fa_attention_kernel/table_r' to avoid the conflict with HDL keywords or other object names.
INFO: [HLS 200-10] ----------------------------------------------------------------
INFO: [HLS 200-42] -- Implementing module 'run_attention_tiled_hls_Pipeline_VITIS_LOOP_172_1_VITIS_LOOP_173_2' 
INFO: [HLS 200-10] ----------------------------------------------------------------
INFO: [SCHED 204-11] Starting scheduling ...
INFO: [SCHED 204-61] Pipelining loop 'VITIS_LOOP_172_1_VITIS_LOOP_173_2'.
WARNING: [HLS 200-885] The II Violation in module 'run_attention_tiled_hls_Pipeline_VITIS_LOOP_172_1_VITIS_LOOP_173_2' (loop 'VITIS_LOOP_172_1_VITIS_LOOP_173_2'): Unable to schedule bus request operation ('gmem0_load_1_req', /3.2T/work/fpga-fa/fpga/common/fa_q8_8_attention.cpp:176->/3.2T/work/fpga-fa/fpga/common/fa_q8_8_attention.cpp:311) on port 'gmem0' (/3.2T/work/fpga-fa/fpga/common/fa_q8_8_attention.cpp:176->/3.2T/work/fpga-fa/fpga/common/fa_q8_8_attention.cpp:311) due to limited memory ports (II = 1). Please consider using a memory core with more ports or partitioning the array.
Resolution: For help on HLS 200-885 see www.xilinx.com/cgi-bin/docs/rdoc?v=2023.1;t=hls+guidance;d=200-885.html
INFO: [HLS 200-1470] Pipelining result : Target II = 1, Final II = 2, Depth = 77, loop 'VITIS_LOOP_172_1_VITIS_LOOP_173_2'
INFO: [SCHED 204-11] Finished scheduling.
INFO: [HLS 200-111] Finished Scheduling: CPU user time: 1.31 seconds. CPU system time: 0.11 seconds. Elapsed time: 1.41 seconds; current allocated memory: 1.346 GB.
INFO: [BIND 205-100] Starting micro-architecture generation ...
INFO: [BIND 205-101] Performing variable lifetime analysis.
INFO: [BIND 205-101] Exploring resource sharing.
INFO: [BIND 205-101] Binding ...
INFO: [BIND 205-100] Finished micro-architecture generation.
INFO: [HLS 200-111] Finished Binding: CPU user time: 1.02 seconds. CPU system time: 0.03 seconds. Elapsed time: 1.05 seconds; current allocated memory: 1.346 GB.
INFO: [HLS 200-10] ----------------------------------------------------------------
INFO: [HLS 200-42] -- Implementing module 'init_row_context_rf_Pipeline_VITIS_LOOP_17_1_VITIS_LOOP_20_2' 
INFO: [HLS 200-10] ----------------------------------------------------------------
INFO: [SCHED 204-11] Starting scheduling ...
INFO: [SCHED 204-61] Pipelining loop 'VITIS_LOOP_17_1_VITIS_LOOP_20_2'.
INFO: [HLS 200-1470] Pipelining result : Target II = 1, Final II = 1, Depth = 1, loop 'VITIS_LOOP_17_1_VITIS_LOOP_20_2'
INFO: [SCHED 204-11] Finished scheduling.
INFO: [HLS 200-111] Finished Scheduling: CPU user time: 0.29 seconds. CPU system time: 0.01 seconds. Elapsed time: 0.31 seconds; current allocated memory: 1.347 GB.
INFO: [BIND 205-100] Starting micro-architecture generation ...
INFO: [BIND 205-101] Performing variable lifetime analysis.
INFO: [BIND 205-101] Exploring resource sharing.
INFO: [BIND 205-101] Binding ...
INFO: [BIND 205-100] Finished micro-architecture generation.
INFO: [HLS 200-111] Finished Binding: CPU user time: 0.04 seconds. CPU system time: 0.01 seconds. Elapsed time: 0.04 seconds; current allocated memory: 1.347 GB.
INFO: [HLS 200-10] ----------------------------------------------------------------
INFO: [HLS 200-42] -- Implementing module 'init_row_context_rf_Pipeline_VITIS_LOOP_31_4' 
INFO: [HLS 200-10] ----------------------------------------------------------------
INFO: [SCHED 204-11] Starting scheduling ...
INFO: [SCHED 204-61] Pipelining loop 'VITIS_LOOP_31_4'.
INFO: [HLS 200-1470] Pipelining result : Target II = 1, Final II = 1, Depth = 1, loop 'VITIS_LOOP_31_4'
INFO: [SCHED 204-11] Finished scheduling.
INFO: [HLS 200-111] Finished Scheduling: CPU user time: 0.12 seconds. CPU system time: 0 seconds. Elapsed time: 0.12 seconds; current allocated memory: 1.349 GB.
INFO: [BIND 205-100] Starting micro-architecture generation ...
INFO: [BIND 205-101] Performing variable lifetime analysis.
INFO: [BIND 205-101] Exploring resource sharing.
INFO: [BIND 205-101] Binding ...
INFO: [BIND 205-100] Finished micro-architecture generation.
INFO: [HLS 200-111] Finished Binding: CPU user time: 0.04 seconds. CPU system time: 0 seconds. Elapsed time: 0.05 seconds; current allocated memory: 1.349 GB.
INFO: [HLS 200-10] ----------------------------------------------------------------
INFO: [HLS 200-42] -- Implementing module 'init_row_context_rf' 
INFO: [HLS 200-10] ----------------------------------------------------------------
INFO: [SCHED 204-11] Starting scheduling ...
INFO: [SCHED 204-11] Finished scheduling.
INFO: [HLS 200-111] Finished Scheduling: CPU user time: 0.05 seconds. CPU system time: 0.01 seconds. Elapsed time: 0.05 seconds; current allocated memory: 1.349 GB.
INFO: [BIND 205-100] Starting micro-architecture generation ...
INFO: [BIND 205-101] Performing variable lifetime analysis.
INFO: [BIND 205-101] Exploring resource sharing.
INFO: [BIND 205-101] Binding ...
INFO: [BIND 205-100] Finished micro-architecture generation.
INFO: [HLS 200-111] Finished Binding: CPU user time: 0.04 seconds. CPU system time: 0 seconds. Elapsed time: 0.04 seconds; current allocated memory: 1.349 GB.
INFO: [HLS 200-10] ----------------------------------------------------------------
INFO: [HLS 200-42] -- Implementing module 'run_attention_tiled_hls_Pipeline_VITIS_LOOP_191_2' 
INFO: [HLS 200-10] ----------------------------------------------------------------
INFO: [SCHED 204-11] Starting scheduling ...
INFO: [SCHED 204-61] Pipelining loop 'VITIS_LOOP_190_1_VITIS_LOOP_191_2'.
INFO: [HLS 200-1470] Pipelining result : Target II = 1, Final II = 1, Depth = 76, loop 'VITIS_LOOP_190_1_VITIS_LOOP_191_2'
INFO: [SCHED 204-11] Finished scheduling.
INFO: [HLS 200-111] Finished Scheduling: CPU user time: 0.65 seconds. CPU system time: 0.01 seconds. Elapsed time: 0.67 seconds; current allocated memory: 1.350 GB.
INFO: [BIND 205-100] Starting micro-architecture generation ...
INFO: [BIND 205-101] Performing variable lifetime analysis.
INFO: [BIND 205-101] Exploring resource sharing.
INFO: [BIND 205-101] Binding ...
INFO: [BIND 205-100] Finished micro-architecture generation.
INFO: [HLS 200-111] Finished Binding: CPU user time: 1 seconds. CPU system time: 0.01 seconds. Elapsed time: 1.01 seconds; current allocated memory: 1.350 GB.
INFO: [HLS 200-10] ----------------------------------------------------------------
INFO: [HLS 200-42] -- Implementing module 'qk_dotprod_slice_pair' 
INFO: [HLS 200-10] ----------------------------------------------------------------
INFO: [SCHED 204-11] Starting scheduling ...
INFO: [HLS 200-486] Changing DSP latency (root=qk_mul1_63) to 3 in order to utilize available DSP registers.
INFO: [HLS 200-486] Changing DSP latency (root=qk_mul1_60) to 3 in order to utilize available DSP registers.
INFO: [HLS 200-486] Changing DSP latency (root=qk_mul1_62) to 3 in order to utilize available DSP registers.
INFO: [HLS 200-486] Changing DSP latency (root=qk_mul1_59) to 3 in order to utilize available DSP registers.
INFO: [HLS 200-486] Changing DSP latency (root=qk_mul1_57) to 3 in order to utilize available DSP registers.
INFO: [HLS 200-486] Changing DSP latency (root=qk_mul1_55) to 3 in order to utilize available DSP registers.
INFO: [HLS 200-486] Changing DSP latency (root=qk_mul1_53) to 3 in order to utilize available DSP registers.
INFO: [HLS 200-486] Changing DSP latency (root=qk_mul1_51) to 3 in order to utilize available DSP registers.
INFO: [HLS 200-486] Changing DSP latency (root=qk_mul1_49) to 3 in order to utilize available DSP registers.
INFO: [HLS 200-486] Changing DSP latency (root=qk_mul1_47) to 3 in order to utilize available DSP registers.
INFO: [HLS 200-486] Changing DSP latency (root=qk_mul1_45) to 3 in order to utilize available DSP registers.
INFO: [HLS 200-486] Changing DSP latency (root=qk_mul1_43) to 3 in order to utilize available DSP registers.
INFO: [HLS 200-486] Changing DSP latency (root=qk_mul1_41) to 3 in order to utilize available DSP registers.
INFO: [HLS 200-486] Changing DSP latency (root=qk_mul1_39) to 3 in order to utilize available DSP registers.
INFO: [HLS 200-486] Changing DSP latency (root=qk_mul1_37) to 3 in order to utilize available DSP registers.
INFO: [HLS 200-486] Changing DSP latency (root=qk_mul1_35) to 3 in order to utilize available DSP registers.
INFO: [HLS 200-486] Changing DSP latency (root=qk_mul1_33) to 3 in order to utilize available DSP registers.
INFO: [HLS 200-486] Changing DSP latency (root=qk_mul1_31) to 3 in order to utilize available DSP registers.
INFO: [HLS 200-486] Changing DSP latency (root=qk_mul1_28) to 3 in order to utilize available DSP registers.
INFO: [HLS 200-486] Changing DSP latency (root=qk_mul1_30) to 3 in order to utilize available DSP registers.
INFO: [HLS 200-486] Changing DSP latency (root=qk_mul1_27) to 3 in order to utilize available DSP registers.
INFO: [HLS 200-486] Changing DSP latency (root=qk_mul1_25) to 3 in order to utilize available DSP registers.
INFO: [HLS 200-486] Changing DSP latency (root=qk_mul1_23) to 3 in order to utilize available DSP registers.
INFO: [HLS 200-486] Changing DSP latency (root=qk_mul1_21) to 3 in order to utilize available DSP registers.
INFO: [HLS 200-486] Changing DSP latency (root=qk_mul1_19) to 3 in order to utilize available DSP registers.
INFO: [HLS 200-486] Changing DSP latency (root=qk_mul1_17) to 3 in order to utilize available DSP registers.
INFO: [HLS 200-486] Changing DSP latency (root=qk_mul1_15) to 3 in order to utilize available DSP registers.
INFO: [HLS 200-486] Changing DSP latency (root=qk_mul1_12) to 3 in order to utilize available DSP registers.
INFO: [HLS 200-486] Changing DSP latency (root=qk_mul1_14) to 3 in order to utilize available DSP registers.
INFO: [HLS 200-486] Changing DSP latency (root=qk_mul1_11) to 3 in order to utilize available DSP registers.
INFO: [HLS 200-486] Changing DSP latency (root=qk_mul1_9) to 3 in order to utilize available DSP registers.
INFO: [HLS 200-486] Changing DSP latency (root=qk_mul1_7) to 3 in order to utilize available DSP registers.
INFO: [HLS 200-486] Changing DSP latency (root=qk_mul1_4) to 3 in order to utilize available DSP registers.
INFO: [HLS 200-486] Changing DSP latency (root=qk_mul1_6) to 3 in order to utilize available DSP registers.
INFO: [HLS 200-486] Changing DSP latency (root=qk_mul1_3) to 3 in order to utilize available DSP registers.
INFO: [HLS 200-486] Changing DSP latency (root=qk_mul1_1) to 3 in order to utilize available DSP registers.
INFO: [HLS 200-486] Changing DSP latency (root=qk_mul1_2) to 3 in order to utilize available DSP registers.
INFO: [HLS 200-486] Changing DSP latency (root=qk_mul0_63) to 3 in order to utilize available DSP registers.
INFO: [HLS 200-486] Changing DSP latency (root=qk_mul0_60) to 3 in order to utilize available DSP registers.
INFO: [HLS 200-486] Changing DSP latency (root=qk_mul0_62) to 3 in order to utilize available DSP registers.
INFO: [HLS 200-486] Changing DSP latency (root=qk_mul0_59) to 3 in order to utilize available DSP registers.
INFO: [HLS 200-486] Changing DSP latency (root=qk_mul0_57) to 3 in order to utilize available DSP registers.
INFO: [HLS 200-486] Changing DSP latency (root=qk_mul0_55) to 3 in order to utilize available DSP registers.
INFO: [HLS 200-486] Changing DSP latency (root=qk_mul0_53) to 3 in order to utilize available DSP registers.
INFO: [HLS 200-486] Changing DSP latency (root=qk_mul0_51) to 3 in order to utilize available DSP registers.
INFO: [HLS 200-486] Changing DSP latency (root=qk_mul0_49) to 3 in order to utilize available DSP registers.
INFO: [HLS 200-486] Changing DSP latency (root=qk_mul0_47) to 3 in order to utilize available DSP registers.
INFO: [HLS 200-486] Changing DSP latency (root=qk_mul0_45) to 3 in order to utilize available DSP registers.
INFO: [HLS 200-486] Changing DSP latency (root=qk_mul0_43) to 3 in order to utilize available DSP registers.
INFO: [HLS 200-486] Changing DSP latency (root=qk_mul0_41) to 3 in order to utilize available DSP registers.
INFO: [HLS 200-486] Changing DSP latency (root=qk_mul0_39) to 3 in order to utilize available DSP registers.
INFO: [HLS 200-486] Changing DSP latency (root=qk_mul0_37) to 3 in order to utilize available DSP registers.
INFO: [HLS 200-486] Changing DSP latency (root=qk_mul0_35) to 3 in order to utilize available DSP registers.
INFO: [HLS 200-486] Changing DSP latency (root=qk_mul0_33) to 3 in order to utilize available DSP registers.
INFO: [HLS 200-486] Changing DSP latency (root=qk_mul0_31) to 3 in order to utilize available DSP registers.
INFO: [HLS 200-486] Changing DSP latency (root=qk_mul0_28) to 3 in order to utilize available DSP registers.
INFO: [HLS 200-486] Changing DSP latency (root=qk_mul0_30) to 3 in order to utilize available DSP registers.
INFO: [HLS 200-486] Changing DSP latency (root=qk_mul0_27) to 3 in order to utilize available DSP registers.
INFO: [HLS 200-486] Changing DSP latency (root=qk_mul0_25) to 3 in order to utilize available DSP registers.
INFO: [HLS 200-486] Changing DSP latency (root=qk_mul0_23) to 3 in order to utilize available DSP registers.
INFO: [HLS 200-486] Changing DSP latency (root=qk_mul0_21) to 3 in order to utilize available DSP registers.
INFO: [HLS 200-486] Changing DSP latency (root=qk_mul0_19) to 3 in order to utilize available DSP registers.
INFO: [HLS 200-486] Changing DSP latency (root=qk_mul0_17) to 3 in order to utilize available DSP registers.
INFO: [HLS 200-486] Changing DSP latency (root=qk_mul0_15) to 3 in order to utilize available DSP registers.
INFO: [HLS 200-486] Changing DSP latency (root=qk_mul0_12) to 3 in order to utilize available DSP registers.
INFO: [HLS 200-486] Changing DSP latency (root=qk_mul0_14) to 3 in order to utilize available DSP registers.
INFO: [HLS 200-486] Changing DSP latency (root=qk_mul0_11) to 3 in order to utilize available DSP registers.
INFO: [HLS 200-486] Changing DSP latency (root=qk_mul0_9) to 3 in order to utilize available DSP registers.
INFO: [HLS 200-486] Changing DSP latency (root=qk_mul0_7) to 3 in order to utilize available DSP registers.
INFO: [HLS 200-486] Changing DSP latency (root=qk_mul0_4) to 3 in order to utilize available DSP registers.
INFO: [HLS 200-486] Changing DSP latency (root=qk_mul0_6) to 3 in order to utilize available DSP registers.
INFO: [HLS 200-486] Changing DSP latency (root=qk_mul0_3) to 3 in order to utilize available DSP registers.
INFO: [HLS 200-486] Changing DSP latency (root=qk_mul0_1) to 3 in order to utilize available DSP registers.
INFO: [HLS 200-486] Changing DSP latency (root=qk_mul0_2) to 3 in order to utilize available DSP registers.
INFO: [SCHED 204-61] Pipelining function 'qk_dotprod_slice_pair'.
WARNING: [HLS 200-885] The II Violation in module 'qk_dotprod_slice_pair' (function 'qk_dotprod_slice_pair'): Unable to schedule 'load' operation ('k_val', /3.2T/work/fpga-fa/fpga/common/fa_q8_8_qk_dotprod_slice.cpp:25) on array 'k_row_6' due to limited memory ports (II = 1). Please consider using a memory core with more ports or partitioning the array 'k_row_6'.
Resolution: For help on HLS 200-885 see www.xilinx.com/cgi-bin/docs/rdoc?v=2023.1;t=hls+guidance;d=200-885.html
WARNING: [HLS 200-885] The II Violation in module 'qk_dotprod_slice_pair' (function 'qk_dotprod_slice_pair'): Unable to schedule 'load' operation ('k_val', /3.2T/work/fpga-fa/fpga/common/fa_q8_8_qk_dotprod_slice.cpp:25) on array 'k_row_6' due to limited memory ports (II = 2). Please consider using a memory core with more ports or partitioning the array 'k_row_6'.
Resolution: For help on HLS 200-885 see www.xilinx.com/cgi-bin/docs/rdoc?v=2023.1;t=hls+guidance;d=200-885.html
WARNING: [HLS 200-885] The II Violation in module 'qk_dotprod_slice_pair' (function 'qk_dotprod_slice_pair'): Unable to schedule 'load' operation ('k_val', /3.2T/work/fpga-fa/fpga/common/fa_q8_8_qk_dotprod_slice.cpp:25) on array 'k_row_3' due to limited memory ports (II = 3). Please consider using a memory core with more ports or partitioning the array 'k_row_3'.
Resolution: For help on HLS 200-885 see www.xilinx.com/cgi-bin/docs/rdoc?v=2023.1;t=hls+guidance;d=200-885.html
INFO: [HLS 200-1470] Pipelining result : Target II = 0, Final II = 4, Depth = 17, function 'qk_dotprod_slice_pair'
INFO: [SCHED 204-11] Finished scheduling.
INFO: [HLS 200-111] Finished Scheduling: CPU user time: 1.97 seconds. CPU system time: 0.03 seconds. Elapsed time: 2 seconds; current allocated memory: 1.362 GB.
INFO: [BIND 205-100] Starting micro-architecture generation ...
INFO: [BIND 205-101] Performing variable lifetime analysis.
INFO: [BIND 205-101] Exploring resource sharing.
INFO: [BIND 205-101] Binding ...
INFO: [BIND 205-100] Finished micro-architecture generation.
INFO: [HLS 200-111] Finished Binding: CPU user time: 0.66 seconds. CPU system time: 0.01 seconds. Elapsed time: 0.68 seconds; current allocated memory: 1.362 GB.
INFO: [HLS 200-10] ----------------------------------------------------------------
INFO: [HLS 200-42] -- Implementing module 'p_anonymous_namespace_generate_score_batch_Pipeline_VITIS_LOOP_83_1_VITIS_LOOP_85' 
INFO: [HLS 200-10] ----------------------------------------------------------------
INFO: [SCHED 204-11] Starting scheduling ...
INFO: [SCHED 204-61] Pipelining loop 'VITIS_LOOP_83_1_VITIS_LOOP_85_2'.
INFO: [HLS 200-1470] Pipelining result : Target II = 1, Final II = 4, Depth = 22, loop 'VITIS_LOOP_83_1_VITIS_LOOP_85_2'
INFO: [SCHED 204-11] Finished scheduling.
INFO: [HLS 200-111] Finished Scheduling: CPU user time: 0.71 seconds. CPU system time: 0.03 seconds. Elapsed time: 0.73 seconds; current allocated memory: 1.362 GB.
INFO: [BIND 205-100] Starting micro-architecture generation ...
INFO: [BIND 205-101] Performing variable lifetime analysis.
INFO: [BIND 205-101] Exploring resource sharing.
INFO: [BIND 205-101] Binding ...
INFO: [BIND 205-100] Finished micro-architecture generation.
INFO: [HLS 200-111] Finished Binding: CPU user time: 0.36 seconds. CPU system time: 0.01 seconds. Elapsed time: 0.37 seconds; current allocated memory: 1.362 GB.
INFO: [HLS 200-10] ----------------------------------------------------------------
INFO: [HLS 200-42] -- Implementing module 'p_anonymous_namespace_generate_score_batch' 
INFO: [HLS 200-10] ----------------------------------------------------------------
INFO: [SCHED 204-11] Starting scheduling ...
INFO: [SCHED 204-11] Finished scheduling.
INFO: [HLS 200-111] Finished Scheduling: CPU user time: 0.33 seconds. CPU system time: 0 seconds. Elapsed time: 0.34 seconds; current allocated memory: 1.363 GB.
INFO: [BIND 205-100] Starting micro-architecture generation ...
INFO: [BIND 205-101] Performing variable lifetime analysis.
INFO: [BIND 205-101] Exploring resource sharing.
INFO: [BIND 205-101] Binding ...
INFO: [BIND 205-100] Finished micro-architecture generation.
INFO: [HLS 200-111] Finished Binding: CPU user time: 0.13 seconds. CPU system time: 0 seconds. Elapsed time: 0.13 seconds; current allocated memory: 1.363 GB.
INFO: [HLS 200-10] ----------------------------------------------------------------
INFO: [HLS 200-42] -- Implementing module 'online_softmax_ctx_acc_row_step' 
INFO: [HLS 200-10] ----------------------------------------------------------------
INFO: [SCHED 204-11] Starting scheduling ...
INFO: [HLS 200-486] Changing DSP latency (root=mul_ln61_1) to 3 in order to utilize available DSP registers.
INFO: [HLS 200-486] Changing DSP latency (root=mul_ln61) to 3 in order to utilize available DSP registers.
INFO: [SCHED 204-61] Pipelining function 'online_softmax_ctx_acc_row_step'.
WARNING: [HLS 200-880] The II Violation in module 'online_softmax_ctx_acc_row_step' (function 'online_softmax_ctx_acc_row_step'): Unable to enforce a carried dependence constraint (II = 1, distance = 1, offset = 1) between 'store' operation ('row_acc_0_addr_write_ln63', /3.2T/work/fpga-fa/fpga/common/fa_q8_8_online_softmax_ctx.cpp:63) of variable 'u', /3.2T/work/fpga-fa/fpga/common/fa_q8_8_fixed_point.cpp:13->/3.2T/work/fpga-fa/fpga/common/fa_q8_8_online_softmax_ctx.cpp:63 on array 'row_acc_0' and 'load' operation ('row_acc_0_load', /3.2T/work/fpga-fa/fpga/common/fa_q8_8_online_softmax_ctx.cpp:57) on array 'row_acc_0'.
Resolution: For help on HLS 200-880 see www.xilinx.com/cgi-bin/docs/rdoc?v=2023.1;t=hls+guidance;d=200-880.html
WARNING: [HLS 200-885] The II Violation in module 'online_softmax_ctx_acc_row_step' (function 'online_softmax_ctx_acc_row_step'): Unable to schedule 'load' operation ('v_row_0_load_3', /3.2T/work/fpga-fa/fpga/common/fa_q8_8_online_softmax_ctx.cpp:60) on array 'v_row_0' due to limited memory ports (II = 2). Please consider using a memory core with more ports or partitioning the array 'v_row_0'.
Resolution: For help on HLS 200-885 see www.xilinx.com/cgi-bin/docs/rdoc?v=2023.1;t=hls+guidance;d=200-885.html
WARNING: [HLS 200-885] The II Violation in module 'online_softmax_ctx_acc_row_step' (function 'online_softmax_ctx_acc_row_step'): Unable to schedule 'load' operation ('v_row_0_load_5', /3.2T/work/fpga-fa/fpga/common/fa_q8_8_online_softmax_ctx.cpp:60) on array 'v_row_0' due to limited memory ports (II = 3). Please consider using a memory core with more ports or partitioning the array 'v_row_0'.
Resolution: For help on HLS 200-885 see www.xilinx.com/cgi-bin/docs/rdoc?v=2023.1;t=hls+guidance;d=200-885.html
WARNING: [HLS 200-885] The II Violation in module 'online_softmax_ctx_acc_row_step' (function 'online_softmax_ctx_acc_row_step'): Unable to schedule 'load' operation ('row_acc_0_load_7', /3.2T/work/fpga-fa/fpga/common/fa_q8_8_online_softmax_ctx.cpp:57) on array 'row_acc_0' due to limited memory ports (II = 4). Please consider using a memory core with more ports or partitioning the array 'row_acc_0'.
Resolution: For help on HLS 200-885 see www.xilinx.com/cgi-bin/docs/rdoc?v=2023.1;t=hls+guidance;d=200-885.html
WARNING: [HLS 200-885] The II Violation in module 'online_softmax_ctx_acc_row_step' (function 'online_softmax_ctx_acc_row_step'): Unable to schedule 'store' operation ('row_acc_0_addr_6_write_ln63', /3.2T/work/fpga-fa/fpga/common/fa_q8_8_online_softmax_ctx.cpp:63) of variable 'u', /3.2T/work/fpga-fa/fpga/common/fa_q8_8_fixed_point.cpp:13->/3.2T/work/fpga-fa/fpga/common/fa_q8_8_online_softmax_ctx.cpp:63 on array 'row_acc_0' due to limited memory ports (II = 7). Please consider using a memory core with more ports or partitioning the array 'row_acc_0'.
Resolution: For help on HLS 200-885 see www.xilinx.com/cgi-bin/docs/rdoc?v=2023.1;t=hls+guidance;d=200-885.html
INFO: [HLS 200-1470] Pipelining result : Target II = 0, Final II = 8, Depth = 9, function 'online_softmax_ctx_acc_row_step'
WARNING: [HLS 200-871] Estimated clock period (6.765 ns) exceeds the target (target clock period: 5.000 ns, clock uncertainty: 1.350 ns, effective delay budget: 3.650 ns).
Resolution: For help on HLS 200-871 see www.xilinx.com/cgi-bin/docs/rdoc?v=2023.1;t=hls+guidance;d=200-871.html
WARNING: [HLS 200-1016] The critical path in module 'online_softmax_ctx_acc_row_step' consists of the following:
	'load' operation ('row_acc_0_load_7', /3.2T/work/fpga-fa/fpga/common/fa_q8_8_online_softmax_ctx.cpp:57) on array 'row_acc_0' [1440]  (1.237 ns)
	multiplexor before operation 'mul' with delay (0.854 ns)
'mul' operation ('acc_old_mul_119', /3.2T/work/fpga-fa/fpga/common/fa_q8_8_online_softmax_ctx.cpp:57) [1442]  (2.421 ns)
	'add' operation ('u', /3.2T/work/fpga-fa/fpga/common/fa_q8_8_fixed_point.cpp:13->/3.2T/work/fpga-fa/fpga/common/fa_q8_8_online_softmax_ctx.cpp:63) [1454]  (1.016 ns)
	'store' operation ('row_acc_0_addr_7_write_ln63', /3.2T/work/fpga-fa/fpga/common/fa_q8_8_online_softmax_ctx.cpp:63) of variable 'u', /3.2T/work/fpga-fa/fpga/common/fa_q8_8_fixed_point.cpp:13->/3.2T/work/fpga-fa/fpga/common/fa_q8_8_online_softmax_ctx.cpp:63 on array 'row_acc_0' [1455]  (1.237 ns)

Resolution: For help on HLS 200-1016 see www.xilinx.com/cgi-bin/docs/rdoc?v=2023.1;t=hls+guidance;d=200-1016.html
INFO: [SCHED 204-11] Finished scheduling.
INFO: [HLS 200-111] Finished Scheduling: CPU user time: 56.12 seconds. CPU system time: 0.03 seconds. Elapsed time: 56.14 seconds; current allocated memory: 1.373 GB.
INFO: [BIND 205-100] Starting micro-architecture generation ...
INFO: [BIND 205-101] Performing variable lifetime analysis.
INFO: [BIND 205-101] Exploring resource sharing.
INFO: [BIND 205-101] Binding ...
INFO: [BIND 205-100] Finished micro-architecture generation.
INFO: [HLS 200-111] Finished Binding: CPU user time: 0.34 seconds. CPU system time: 0.02 seconds. Elapsed time: 0.36 seconds; current allocated memory: 1.373 GB.
INFO: [HLS 200-10] ----------------------------------------------------------------
INFO: [HLS 200-42] -- Implementing module 'p_anonymous_namespace_consume_score_batch_Pipeline_VITIS_LOOP_141_1' 
INFO: [HLS 200-10] ----------------------------------------------------------------
INFO: [SCHED 204-11] Starting scheduling ...
WARNING: [HLS 200-1015] Estimated delay Estimated delay (6.765ns)  of 'call' operation ('tmp_42', /3.2T/work/fpga-fa/fpga/common/fa_q8_8_attention.cpp:147) to 'online_softmax_ctx_acc_row_step' exceeds the target cycle time (target cycle time: 5.000ns, clock uncertainty: 1.350ns, effective cycle time: 3.650ns).

Resolution: For help on HLS 200-1015 see www.xilinx.com/cgi-bin/docs/rdoc?v=2023.1;t=hls+guidance;d=200-1015.html
INFO: [SCHED 204-61] Pipelining loop 'VITIS_LOOP_141_1'.
WARNING: [HLS 200-880] The II Violation in module 'p_anonymous_namespace_consume_score_batch_Pipeline_VITIS_LOOP_141_1' (loop 'VITIS_LOOP_141_1'): Unable to enforce a carried dependence constraint (II = 8, distance = 1, offset = 1) between 'call' operation ('tmp_41', /3.2T/work/fpga-fa/fpga/common/fa_q8_8_attention.cpp:147) to 'online_softmax_ctx_acc_row_step' and 'call' operation ('tmp_42', /3.2T/work/fpga-fa/fpga/common/fa_q8_8_attention.cpp:147) to 'online_softmax_ctx_acc_row_step'.
Resolution: For help on HLS 200-880 see www.xilinx.com/cgi-bin/docs/rdoc?v=2023.1;t=hls+guidance;d=200-880.html
INFO: [HLS 200-1470] Pipelining result : Target II = 1, Final II = 9, Depth = 11, loop 'VITIS_LOOP_141_1'
WARNING: [HLS 200-871] Estimated clock period (6.765 ns) exceeds the target (target clock period: 5.000 ns, clock uncertainty: 1.350 ns, effective delay budget: 3.650 ns).
Resolution: For help on HLS 200-871 see www.xilinx.com/cgi-bin/docs/rdoc?v=2023.1;t=hls+guidance;d=200-871.html
WARNING: [HLS 200-1016] The critical path in module 'p_anonymous_namespace_consume_score_batch_Pipeline_VITIS_LOOP_141_1' consists of the following:
	'call' operation ('tmp_16', /3.2T/work/fpga-fa/fpga/common/fa_q8_8_attention.cpp:147) to 'online_softmax_ctx_acc_row_step' [606]  (6.765 ns)

Resolution: For help on HLS 200-1016 see www.xilinx.com/cgi-bin/docs/rdoc?v=2023.1;t=hls+guidance;d=200-1016.html
INFO: [SCHED 204-11] Finished scheduling.
INFO: [HLS 200-111] Finished Scheduling: CPU user time: 0.87 seconds. CPU system time: 0.02 seconds. Elapsed time: 0.89 seconds; current allocated memory: 1.378 GB.
INFO: [BIND 205-100] Starting micro-architecture generation ...
INFO: [BIND 205-101] Performing variable lifetime analysis.
INFO: [BIND 205-101] Exploring resource sharing.
INFO: [BIND 205-101] Binding ...
INFO: [BIND 205-100] Finished micro-architecture generation.
INFO: [HLS 200-111] Finished Binding: CPU user time: 0.27 seconds. CPU system time: 0.01 seconds. Elapsed time: 0.29 seconds; current allocated memory: 1.379 GB.
INFO: [HLS 200-10] ----------------------------------------------------------------
INFO: [HLS 200-42] -- Implementing module 'p_anonymous_namespace_consume_score_batch' 
INFO: [HLS 200-10] ----------------------------------------------------------------
INFO: [SCHED 204-11] Starting scheduling ...
INFO: [SCHED 204-11] Finished scheduling.
INFO: [HLS 200-111] Finished Scheduling: CPU user time: 0.34 seconds. CPU system time: 0.01 seconds. Elapsed time: 0.33 seconds; current allocated memory: 1.380 GB.
INFO: [BIND 205-100] Starting micro-architecture generation ...
INFO: [BIND 205-101] Performing variable lifetime analysis.
INFO: [BIND 205-101] Exploring resource sharing.
INFO: [BIND 205-101] Binding ...
INFO: [BIND 205-100] Finished micro-architecture generation.
INFO: [HLS 200-111] Finished Binding: CPU user time: 0.12 seconds. CPU system time: 0 seconds. Elapsed time: 0.12 seconds; current allocated memory: 1.381 GB.
INFO: [HLS 200-10] ----------------------------------------------------------------
INFO: [HLS 200-42] -- Implementing module 'p_anonymous_namespace_process_score_batch' 
INFO: [HLS 200-10] ----------------------------------------------------------------
INFO: [SCHED 204-11] Starting scheduling ...
INFO: [SCHED 204-11] Finished scheduling.
INFO: [HLS 200-111] Finished Scheduling: CPU user time: 0.19 seconds. CPU system time: 0 seconds. Elapsed time: 0.2 seconds; current allocated memory: 1.382 GB.
INFO: [BIND 205-100] Starting micro-architecture generation ...
INFO: [BIND 205-101] Performing variable lifetime analysis.
INFO: [BIND 205-101] Exploring resource sharing.
INFO: [BIND 205-101] Binding ...
INFO: [BIND 205-100] Finished micro-architecture generation.
INFO: [HLS 200-111] Finished Binding: CPU user time: 0.17 seconds. CPU system time: 0.01 seconds. Elapsed time: 0.17 seconds; current allocated memory: 1.382 GB.
INFO: [HLS 200-10] ----------------------------------------------------------------
INFO: [HLS 200-42] -- Implementing module 'compute_kv_tile' 
INFO: [HLS 200-10] ----------------------------------------------------------------
INFO: [SCHED 204-11] Starting scheduling ...
INFO: [SCHED 204-11] Finished scheduling.
INFO: [HLS 200-111] Finished Scheduling: CPU user time: 0.53 seconds. CPU system time: 0 seconds. Elapsed time: 0.53 seconds; current allocated memory: 1.385 GB.
INFO: [BIND 205-100] Starting micro-architecture generation ...
INFO: [BIND 205-101] Performing variable lifetime analysis.
INFO: [BIND 205-101] Exploring resource sharing.
INFO: [BIND 205-101] Binding ...
INFO: [BIND 205-100] Finished micro-architecture generation.
INFO: [HLS 200-111] Finished Binding: CPU user time: 0.2 seconds. CPU system time: 0.01 seconds. Elapsed time: 0.2 seconds; current allocated memory: 1.385 GB.
INFO: [HLS 200-10] ----------------------------------------------------------------
INFO: [HLS 200-42] -- Implementing module 'run_attention_tiled_hls_Pipeline_VITIS_LOOP_191_210' 
INFO: [HLS 200-10] ----------------------------------------------------------------
INFO: [SCHED 204-11] Starting scheduling ...
INFO: [SCHED 204-61] Pipelining loop 'VITIS_LOOP_190_1_VITIS_LOOP_191_2'.
INFO: [HLS 200-1470] Pipelining result : Target II = 1, Final II = 1, Depth = 76, loop 'VITIS_LOOP_190_1_VITIS_LOOP_191_2'
INFO: [SCHED 204-11] Finished scheduling.
INFO: [HLS 200-111] Finished Scheduling: CPU user time: 0.94 seconds. CPU system time: 0.01 seconds. Elapsed time: 0.95 seconds; current allocated memory: 1.387 GB.
INFO: [BIND 205-100] Starting micro-architecture generation ...
INFO: [BIND 205-101] Performing variable lifetime analysis.
INFO: [BIND 205-101] Exploring resource sharing.
INFO: [BIND 205-101] Binding ...
INFO: [BIND 205-100] Finished micro-architecture generation.
INFO: [HLS 200-111] Finished Binding: CPU user time: 1.01 seconds. CPU system time: 0.01 seconds. Elapsed time: 1.01 seconds; current allocated memory: 1.387 GB.
INFO: [HLS 200-10] ----------------------------------------------------------------
INFO: [HLS 200-42] -- Implementing module 'run_attention_tiled_hls_Pipeline_VITIS_LOOP_191_29' 
INFO: [HLS 200-10] ----------------------------------------------------------------
INFO: [SCHED 204-11] Starting scheduling ...
INFO: [SCHED 204-61] Pipelining loop 'VITIS_LOOP_190_1_VITIS_LOOP_191_2'.
INFO: [HLS 200-1470] Pipelining result : Target II = 1, Final II = 1, Depth = 76, loop 'VITIS_LOOP_190_1_VITIS_LOOP_191_2'
INFO: [SCHED 204-11] Finished scheduling.
INFO: [HLS 200-111] Finished Scheduling: CPU user time: 0.81 seconds. CPU system time: 0.01 seconds. Elapsed time: 0.81 seconds; current allocated memory: 1.388 GB.
INFO: [BIND 205-100] Starting micro-architecture generation ...
INFO: [BIND 205-101] Performing variable lifetime analysis.
INFO: [BIND 205-101] Exploring resource sharing.
INFO: [BIND 205-101] Binding ...
INFO: [BIND 205-100] Finished micro-architecture generation.
INFO: [HLS 200-111] Finished Binding: CPU user time: 1.01 seconds. CPU system time: 0.01 seconds. Elapsed time: 1.01 seconds; current allocated memory: 1.388 GB.
INFO: [HLS 200-10] ----------------------------------------------------------------
INFO: [HLS 200-42] -- Implementing module 'o_normalize_block_row_Pipeline_VITIS_LOOP_12_1' 
INFO: [HLS 200-10] ----------------------------------------------------------------
INFO: [SCHED 204-11] Starting scheduling ...
INFO: [SCHED 204-61] Pipelining loop 'VITIS_LOOP_12_1'.
INFO: [HLS 200-1470] Pipelining result : Target II = NA, Final II = 1, Depth = 5, loop 'VITIS_LOOP_12_1'
INFO: [SCHED 204-11] Finished scheduling.
INFO: [HLS 200-111] Finished Scheduling: CPU user time: 0.82 seconds. CPU system time: 0 seconds. Elapsed time: 0.83 seconds; current allocated memory: 1.390 GB.
INFO: [BIND 205-100] Starting micro-architecture generation ...
INFO: [BIND 205-101] Performing variable lifetime analysis.
INFO: [BIND 205-101] Exploring resource sharing.
INFO: [BIND 205-101] Binding ...
INFO: [BIND 205-100] Finished micro-architecture generation.
INFO: [HLS 200-111] Finished Binding: CPU user time: 0.1 seconds. CPU system time: 0.01 seconds. Elapsed time: 0.12 seconds; current allocated memory: 1.390 GB.
INFO: [HLS 200-10] ----------------------------------------------------------------
INFO: [HLS 200-42] -- Implementing module 'o_normalize_block_row' 
INFO: [HLS 200-10] ----------------------------------------------------------------
INFO: [SCHED 204-11] Starting scheduling ...
INFO: [HLS 200-486] Changing DSP latency (root=pp_lh_3) to 3 in order to utilize available DSP registers.
INFO: [HLS 200-486] Changing DSP latency (root=pp_lh_2) to 3 in order to utilize available DSP registers.
INFO: [HLS 200-486] Changing DSP latency (root=pp_lh_1) to 3 in order to utilize available DSP registers.
INFO: [HLS 200-486] Changing DSP latency (root=pp_lh) to 3 in order to utilize available DSP registers.
INFO: [SCHED 204-11] Finished scheduling.
INFO: [HLS 200-111] Finished Scheduling: CPU user time: 0.42 seconds. CPU system time: 0.01 seconds. Elapsed time: 0.43 seconds; current allocated memory: 1.392 GB.
INFO: [BIND 205-100] Starting micro-architecture generation ...
INFO: [BIND 205-101] Performing variable lifetime analysis.
INFO: [BIND 205-101] Exploring resource sharing.
INFO: [BIND 205-101] Binding ...
INFO: [BIND 205-100] Finished micro-architecture generation.
INFO: [HLS 200-111] Finished Binding: CPU user time: 0.31 seconds. CPU system time: 0 seconds. Elapsed time: 0.31 seconds; current allocated memory: 1.392 GB.
INFO: [HLS 200-10] ----------------------------------------------------------------
INFO: [HLS 200-42] -- Implementing module 'run_attention_tiled_hls_Pipeline_VITIS_LOOP_243_1_VITIS_LOOP_244_2' 
INFO: [HLS 200-10] ----------------------------------------------------------------
INFO: [SCHED 204-11] Starting scheduling ...
INFO: [SCHED 204-61] Pipelining loop 'VITIS_LOOP_243_1_VITIS_LOOP_244_2'.
WARNING: [HLS 200-885] The II Violation in module 'run_attention_tiled_hls_Pipeline_VITIS_LOOP_243_1_VITIS_LOOP_244_2' (loop 'VITIS_LOOP_243_1_VITIS_LOOP_244_2'): Unable to schedule bus request operation ('gmem3_addr_1_req', /3.2T/work/fpga-fa/fpga/common/fa_q8_8_attention.cpp:250->/3.2T/work/fpga-fa/fpga/common/fa_q8_8_attention.cpp:350) on port 'gmem3' (/3.2T/work/fpga-fa/fpga/common/fa_q8_8_attention.cpp:250->/3.2T/work/fpga-fa/fpga/common/fa_q8_8_attention.cpp:350) due to limited memory ports (II = 1). Please consider using a memory core with more ports or partitioning the array.
Resolution: For help on HLS 200-885 see www.xilinx.com/cgi-bin/docs/rdoc?v=2023.1;t=hls+guidance;d=200-885.html
INFO: [HLS 200-1470] Pipelining result : Target II = 1, Final II = 2, Depth = 74, loop 'VITIS_LOOP_243_1_VITIS_LOOP_244_2'
INFO: [SCHED 204-11] Finished scheduling.
INFO: [HLS 200-111] Finished Scheduling: CPU user time: 0.67 seconds. CPU system time: 0.01 seconds. Elapsed time: 0.69 seconds; current allocated memory: 1.394 GB.
INFO: [BIND 205-100] Starting micro-architecture generation ...
INFO: [BIND 205-101] Performing variable lifetime analysis.
INFO: [BIND 205-101] Exploring resource sharing.
INFO: [BIND 205-101] Binding ...
INFO: [BIND 205-100] Finished micro-architecture generation.
INFO: [HLS 200-111] Finished Binding: CPU user time: 0.97 seconds. CPU system time: 0.01 seconds. Elapsed time: 0.98 seconds; current allocated memory: 1.394 GB.
INFO: [HLS 200-10] ----------------------------------------------------------------
INFO: [HLS 200-42] -- Implementing module 'run_attention_tiled_hls' 
INFO: [HLS 200-10] ----------------------------------------------------------------
INFO: [SCHED 204-11] Starting scheduling ...
INFO: [HLS 200-486] Changing DSP latency (root=mul_ln326) to 3 in order to utilize available DSP registers.
INFO: [SCHED 204-11] Finished scheduling.
INFO: [HLS 200-111] Finished Scheduling: CPU user time: 1.67 seconds. CPU system time: 0.01 seconds. Elapsed time: 1.69 seconds; current allocated memory: 1.402 GB.
INFO: [BIND 205-100] Starting micro-architecture generation ...
INFO: [BIND 205-101] Performing variable lifetime analysis.
INFO: [BIND 205-101] Exploring resource sharing.
INFO: [BIND 205-101] Binding ...
INFO: [BIND 205-100] Finished micro-architecture generation.
INFO: [HLS 200-111] Finished Binding: CPU user time: 2.24 seconds. CPU system time: 0.01 seconds. Elapsed time: 2.24 seconds; current allocated memory: 1.402 GB.
INFO: [HLS 200-10] ----------------------------------------------------------------
INFO: [HLS 200-42] -- Implementing module 'fa_attention_kernel' 
INFO: [HLS 200-10] ----------------------------------------------------------------
INFO: [SCHED 204-11] Starting scheduling ...
INFO: [SCHED 204-11] Finished scheduling.
INFO: [HLS 200-111] Finished Scheduling: CPU user time: 0.66 seconds. CPU system time: 0.01 seconds. Elapsed time: 0.67 seconds; current allocated memory: 1.402 GB.
INFO: [BIND 205-100] Starting micro-architecture generation ...
INFO: [BIND 205-101] Performing variable lifetime analysis.
INFO: [BIND 205-101] Exploring resource sharing.
INFO: [BIND 205-101] Binding ...
INFO: [BIND 205-100] Finished micro-architecture generation.
INFO: [HLS 200-111] Finished Binding: CPU user time: 0.17 seconds. CPU system time: 0 seconds. Elapsed time: 0.17 seconds; current allocated memory: 1.402 GB.
INFO: [HLS 200-10] ----------------------------------------------------------------
INFO: [HLS 200-10] -- Generating RTL for module 'run_attention_tiled_hls_Pipeline_VITIS_LOOP_172_1_VITIS_LOOP_173_2' 
INFO: [HLS 200-10] ----------------------------------------------------------------
INFO: [HLS 200-1030] Apply Unified Pipeline Control on module 'run_attention_tiled_hls_Pipeline_VITIS_LOOP_172_1_VITIS_LOOP_173_2' pipeline 'VITIS_LOOP_172_1_VITIS_LOOP_173_2' pipeline type 'loop pipeline'
INFO: [RTGEN 206-100] Generating core module 'mul_31ns_4ns_35_1_1': 1 instance(s).
INFO: [RTGEN 206-100] Finished creating RTL model for 'run_attention_tiled_hls_Pipeline_VITIS_LOOP_172_1_VITIS_LOOP_173_2'.
INFO: [HLS 200-111] Finished Creating RTL model: CPU user time: 0.42 seconds. CPU system time: 0.01 seconds. Elapsed time: 0.44 seconds; current allocated memory: 1.402 GB.
INFO: [HLS 200-10] ----------------------------------------------------------------
INFO: [HLS 200-10] -- Generating RTL for module 'init_row_context_rf_Pipeline_VITIS_LOOP_17_1_VITIS_LOOP_20_2' 
INFO: [HLS 200-10] ----------------------------------------------------------------
INFO: [RTGEN 206-100] Finished creating RTL model for 'init_row_context_rf_Pipeline_VITIS_LOOP_17_1_VITIS_LOOP_20_2'.
INFO: [HLS 200-111] Finished Creating RTL model: CPU user time: 0.66 seconds. CPU system time: 0.01 seconds. Elapsed time: 0.68 seconds; current allocated memory: 1.406 GB.
INFO: [HLS 200-10] ----------------------------------------------------------------
INFO: [HLS 200-10] -- Generating RTL for module 'init_row_context_rf_Pipeline_VITIS_LOOP_31_4' 
INFO: [HLS 200-10] ----------------------------------------------------------------
INFO: [RTGEN 206-100] Finished creating RTL model for 'init_row_context_rf_Pipeline_VITIS_LOOP_31_4'.
INFO: [HLS 200-111] Finished Creating RTL model: CPU user time: 0.17 seconds. CPU system time: 0.01 seconds. Elapsed time: 0.18 seconds; current allocated memory: 1.408 GB.
INFO: [HLS 200-10] ----------------------------------------------------------------
INFO: [HLS 200-10] -- Generating RTL for module 'init_row_context_rf' 
INFO: [HLS 200-10] ----------------------------------------------------------------
INFO: [RTGEN 206-100] Finished creating RTL model for 'init_row_context_rf'.
INFO: [HLS 200-111] Finished Creating RTL model: CPU user time: 0.13 seconds. CPU system time: 0.01 seconds. Elapsed time: 0.14 seconds; current allocated memory: 1.412 GB.
INFO: [HLS 200-10] ----------------------------------------------------------------
INFO: [HLS 200-10] -- Generating RTL for module 'run_attention_tiled_hls_Pipeline_VITIS_LOOP_191_2' 
INFO: [HLS 200-10] ----------------------------------------------------------------
INFO: [HLS 200-1030] Apply Unified Pipeline Control on module 'run_attention_tiled_hls_Pipeline_VITIS_LOOP_191_2' pipeline 'VITIS_LOOP_190_1_VITIS_LOOP_191_2' pipeline type 'loop pipeline'
INFO: [RTGEN 206-100] Generating core module 'mul_31ns_6ns_37_1_1': 1 instance(s).
INFO: [RTGEN 206-100] Finished creating RTL model for 'run_attention_tiled_hls_Pipeline_VITIS_LOOP_191_2'.
INFO: [HLS 200-111] Finished Creating RTL model: CPU user time: 0.19 seconds. CPU system time: 0.01 seconds. Elapsed time: 0.2 seconds; current allocated memory: 1.416 GB.
INFO: [HLS 200-10] ----------------------------------------------------------------
INFO: [HLS 200-10] -- Generating RTL for module 'qk_dotprod_slice_pair' 
INFO: [HLS 200-10] ----------------------------------------------------------------
INFO: [HLS 200-1030] Apply Unified Pipeline Control on module 'qk_dotprod_slice_pair' pipeline 'qk_dotprod_slice_pair' pipeline type 'function pipeline'
INFO: [RTGEN 206-100] Generating core module 'mac_muladd_16s_16s_32s_33_4_1': 54 instance(s).
INFO: [RTGEN 206-100] Generating core module 'mac_muladd_16s_16s_33s_33_4_1': 10 instance(s).
INFO: [RTGEN 206-100] Generating core module 'mac_muladd_16s_16s_33s_34_4_1': 2 instance(s).
INFO: [RTGEN 206-100] Generating core module 'mac_muladd_16s_16s_34s_35_4_1': 2 instance(s).
INFO: [RTGEN 206-100] Generating core module 'mac_muladd_16s_16s_35s_36_4_1': 2 instance(s).
INFO: [RTGEN 206-100] Generating core module 'mac_muladd_16s_16s_36s_37_4_1': 2 instance(s).
INFO: [RTGEN 206-100] Generating core module 'mac_muladd_16s_16s_37s_38_4_1': 2 instance(s).
INFO: [RTGEN 206-100] Generating core module 'mul_16s_16s_32_1_1': 54 instance(s).
INFO: [RTGEN 206-100] Finished creating RTL model for 'qk_dotprod_slice_pair'.
INFO: [HLS 200-111] Finished Creating RTL model: CPU user time: 0.82 seconds. CPU system time: 0.04 seconds. Elapsed time: 0.86 seconds; current allocated memory: 1.429 GB.
INFO: [HLS 200-10] ----------------------------------------------------------------
INFO: [HLS 200-10] -- Generating RTL for module 'p_anonymous_namespace_generate_score_batch_Pipeline_VITIS_LOOP_83_1_VITIS_LOOP_85' 
INFO: [HLS 200-10] ----------------------------------------------------------------
INFO: [HLS 200-1030] Apply Unified Pipeline Control on module 'p_anonymous_namespace_generate_score_batch_Pipeline_VITIS_LOOP_83_1_VITIS_LOOP_85' pipeline 'VITIS_LOOP_83_1_VITIS_LOOP_85_2' pipeline type 'loop pipeline'
INFO: [RTGEN 206-100] Generating core module 'mul_16s_16s_32_1_1': 2 instance(s).
INFO: [RTGEN 206-100] Finished creating RTL model for 'p_anonymous_namespace_generate_score_batch_Pipeline_VITIS_LOOP_83_1_VITIS_LOOP_85'.
INFO: [HLS 200-111] Finished Creating RTL model: CPU user time: 3.68 seconds. CPU system time: 0.08 seconds. Elapsed time: 3.77 seconds; current allocated memory: 1.456 GB.
INFO: [HLS 200-10] ----------------------------------------------------------------
INFO: [HLS 200-10] -- Generating RTL for module 'p_anonymous_namespace_generate_score_batch' 
INFO: [HLS 200-10] ----------------------------------------------------------------
INFO: [RTGEN 206-100] Generating core module 'mul_10ns_32ns_42_1_1': 1 instance(s).
INFO: [RTGEN 206-100] Finished creating RTL model for 'p_anonymous_namespace_generate_score_batch'.
INFO: [HLS 200-111] Finished Creating RTL model: CPU user time: 0.89 seconds. CPU system time: 0.02 seconds. Elapsed time: 0.91 seconds; current allocated memory: 1.456 GB.
INFO: [HLS 200-10] ----------------------------------------------------------------
INFO: [HLS 200-10] -- Generating RTL for module 'online_softmax_ctx_acc_row_step' 
INFO: [HLS 200-10] ----------------------------------------------------------------
INFO: [HLS 200-1030] Apply Unified Pipeline Control on module 'online_softmax_ctx_acc_row_step' pipeline 'online_softmax_ctx_acc_row_step' pipeline type 'function pipeline'
INFO: [RTGEN 206-100] Generating core module 'mac_muladd_16s_10s_8ns_21_4_1': 2 instance(s).
INFO: [RTGEN 206-100] Generating core module 'mul_16s_16ns_32_1_1': 64 instance(s).
INFO: [RTGEN 206-100] Generating core module 'mul_32ns_16ns_48_1_1': 1 instance(s).
INFO: [RTGEN 206-100] Generating core module 'mul_32s_16ns_48_1_1': 48 instance(s).
INFO: [RTGEN 206-100] Finished creating RTL model for 'online_softmax_ctx_acc_row_step'.
INFO: [RTMG 210-279] Implementing memory 'fa_attention_kernel_online_softmax_ctx_acc_row_step_table_r_ROM_AUTO_1R' using auto ROMs.
INFO: [HLS 200-111] Finished Creating RTL model: CPU user time: 0.54 seconds. CPU system time: 0.02 seconds. Elapsed time: 0.56 seconds; current allocated memory: 1.465 GB.
INFO: [HLS 200-10] ----------------------------------------------------------------
INFO: [HLS 200-10] -- Generating RTL for module 'p_anonymous_namespace_consume_score_batch_Pipeline_VITIS_LOOP_141_1' 
INFO: [HLS 200-10] ----------------------------------------------------------------
INFO: [HLS 200-1030] Apply Unified Pipeline Control on module 'p_anonymous_namespace_consume_score_batch_Pipeline_VITIS_LOOP_141_1' pipeline 'VITIS_LOOP_141_1' pipeline type 'loop pipeline'
INFO: [RTGEN 206-104] Estimated max fanout for 'p_anonymous_namespace_consume_score_batch_Pipeline_VITIS_LOOP_141_1' is 6726 from HDL expression: (((1'b0 == ap_block_pp0_stage1_11001_ignoreCallOp579) & (1'b1 == ap_CS_fsm_pp0_stage1)) | ((1'b0 == ap_block_pp0_stage0_11001_ignoreCallOp547) & (1'b1 == ap_CS_fsm_pp0_stage0)) | ((1'b0 == ap_block_pp0_stage8_11001_ignoreCallOp515) & (1'b1 == ap_CS_fsm_pp0_stage8)) | ((1'b0 == ap_block_pp0_stage7_11001_ignoreCallOp483) & (1'b1 == ap_CS_fsm_pp0_stage7)) | ((1'b0 == ap_block_pp0_stage6_11001_ignoreCallOp451) & (1'b1 == ap_CS_fsm_pp0_stage6)) | ((1'b0 == ap_block_pp0_stage5_11001_ignoreCallOp419) & (1'b1 == ap_CS_fsm_pp0_stage5)) | ((1'b0 == ap_block_pp0_stage4_11001_ignoreCallOp387) & (1'b1 == ap_CS_fsm_pp0_stage4)) | ((1'b0 == ap_block_pp0_stage3_11001_ignoreCallOp355) & (1'b1 == ap_CS_fsm_pp0_stage3)) | ((1'b0 == ap_block_pp0_stage2_11001_ignoreCallOp259) & (1'b1 == ap_CS_fsm_pp0_stage2)))
INFO: [RTGEN 206-100] Finished creating RTL model for 'p_anonymous_namespace_consume_score_batch_Pipeline_VITIS_LOOP_141_1'.
INFO: [HLS 200-111] Finished Creating RTL model: CPU user time: 4.94 seconds. CPU system time: 0.09 seconds. Elapsed time: 5.03 seconds; current allocated memory: 1.492 GB.
INFO: [HLS 200-10] ----------------------------------------------------------------
INFO: [HLS 200-10] -- Generating RTL for module 'p_anonymous_namespace_consume_score_batch' 
INFO: [HLS 200-10] ----------------------------------------------------------------
INFO: [RTGEN 206-100] Generating core module 'mul_6s_9s_14_1_1': 1 instance(s).
INFO: [RTGEN 206-100] Finished creating RTL model for 'p_anonymous_namespace_consume_score_batch'.
INFO: [HLS 200-111] Finished Creating RTL model: CPU user time: 1.85 seconds. CPU system time: 0.07 seconds. Elapsed time: 1.93 seconds; current allocated memory: 1.505 GB.
INFO: [HLS 200-10] ----------------------------------------------------------------
INFO: [HLS 200-10] -- Generating RTL for module 'p_anonymous_namespace_process_score_batch' 
INFO: [HLS 200-10] ----------------------------------------------------------------
INFO: [RTGEN 206-100] Finished creating RTL model for 'p_anonymous_namespace_process_score_batch'.
INFO: [RTMG 210-285] Implementing FIFO 'score_stream_U(fa_attention_kernel_fifo_w32_d64_A)' using Vivado Default RAMs.
INFO: [HLS 200-111] Finished Creating RTL model: CPU user time: 0.33 seconds. CPU system time: 0.02 seconds. Elapsed time: 0.35 seconds; current allocated memory: 1.513 GB.
INFO: [HLS 200-10] ----------------------------------------------------------------
INFO: [HLS 200-10] -- Generating RTL for module 'compute_kv_tile' 
INFO: [HLS 200-10] ----------------------------------------------------------------
INFO: [RTGEN 206-100] Finished creating RTL model for 'compute_kv_tile'.
INFO: [HLS 200-111] Finished Creating RTL model: CPU user time: 0.75 seconds. CPU system time: 0.03 seconds. Elapsed time: 0.77 seconds; current allocated memory: 1.532 GB.
INFO: [HLS 200-10] ----------------------------------------------------------------
INFO: [HLS 200-10] -- Generating RTL for module 'run_attention_tiled_hls_Pipeline_VITIS_LOOP_191_210' 
INFO: [HLS 200-10] ----------------------------------------------------------------
INFO: [HLS 200-1030] Apply Unified Pipeline Control on module 'run_attention_tiled_hls_Pipeline_VITIS_LOOP_191_210' pipeline 'VITIS_LOOP_190_1_VITIS_LOOP_191_2' pipeline type 'loop pipeline'
INFO: [RTGEN 206-100] Generating core module 'mul_31ns_7ns_38_1_1': 1 instance(s).
INFO: [RTGEN 206-100] Finished creating RTL model for 'run_attention_tiled_hls_Pipeline_VITIS_LOOP_191_210'.
INFO: [HLS 200-111] Finished Creating RTL model: CPU user time: 0.65 seconds. CPU system time: 0.03 seconds. Elapsed time: 0.68 seconds; current allocated memory: 1.540 GB.
INFO: [HLS 200-10] ----------------------------------------------------------------
INFO: [HLS 200-10] -- Generating RTL for module 'run_attention_tiled_hls_Pipeline_VITIS_LOOP_191_29' 
INFO: [HLS 200-10] ----------------------------------------------------------------
INFO: [HLS 200-1030] Apply Unified Pipeline Control on module 'run_attention_tiled_hls_Pipeline_VITIS_LOOP_191_29' pipeline 'VITIS_LOOP_190_1_VITIS_LOOP_191_2' pipeline type 'loop pipeline'
INFO: [RTGEN 206-100] Generating core module 'mul_31ns_7ns_38_1_1': 1 instance(s).
INFO: [RTGEN 206-100] Finished creating RTL model for 'run_attention_tiled_hls_Pipeline_VITIS_LOOP_191_29'.
INFO: [HLS 200-111] Finished Creating RTL model: CPU user time: 0.69 seconds. CPU system time: 0.02 seconds. Elapsed time: 0.71 seconds; current allocated memory: 1.547 GB.
INFO: [HLS 200-10] ----------------------------------------------------------------
INFO: [HLS 200-10] -- Generating RTL for module 'o_normalize_block_row_Pipeline_VITIS_LOOP_12_1' 
INFO: [HLS 200-10] ----------------------------------------------------------------
INFO: [HLS 200-1030] Apply Unified Pipeline Control on module 'o_normalize_block_row_Pipeline_VITIS_LOOP_12_1' pipeline 'VITIS_LOOP_12_1' pipeline type 'loop pipeline'
INFO: [RTGEN 206-100] Generating core module 'mul_40s_32s_72_1_1': 8 instance(s).
INFO: [RTGEN 206-100] Finished creating RTL model for 'o_normalize_block_row_Pipeline_VITIS_LOOP_12_1'.
INFO: [HLS 200-111] Finished Creating RTL model: CPU user time: 0.65 seconds. CPU system time: 0.02 seconds. Elapsed time: 0.67 seconds; current allocated memory: 1.552 GB.
INFO: [HLS 200-10] ----------------------------------------------------------------
INFO: [HLS 200-10] -- Generating RTL for module 'o_normalize_block_row' 
INFO: [HLS 200-10] ----------------------------------------------------------------
INFO: [RTGEN 206-100] Generating core module 'mac_muladd_16ns_16ns_32ns_33_4_1': 4 instance(s).
INFO: [RTGEN 206-100] Generating core module 'mul_16ns_16ns_32_1_1': 12 instance(s).
INFO: [RTGEN 206-100] Finished creating RTL model for 'o_normalize_block_row'.
INFO: [RTMG 210-279] Implementing memory 'fa_attention_kernel_o_normalize_block_row_lut_ROM_AUTO_1R' using auto ROMs.
INFO: [HLS 200-111] Finished Creating RTL model: CPU user time: 0.46 seconds. CPU system time: 0.02 seconds. Elapsed time: 0.49 seconds; current allocated memory: 1.558 GB.
INFO: [HLS 200-10] ----------------------------------------------------------------
INFO: [HLS 200-10] -- Generating RTL for module 'run_attention_tiled_hls_Pipeline_VITIS_LOOP_243_1_VITIS_LOOP_244_2' 
INFO: [HLS 200-10] ----------------------------------------------------------------
INFO: [HLS 200-1030] Apply Unified Pipeline Control on module 'run_attention_tiled_hls_Pipeline_VITIS_LOOP_243_1_VITIS_LOOP_244_2' pipeline 'VITIS_LOOP_243_1_VITIS_LOOP_244_2' pipeline type 'loop pipeline'
INFO: [RTGEN 206-100] Generating core module 'mul_31ns_4ns_35_1_1': 1 instance(s).
INFO: [RTGEN 206-100] Generating core module 'mux_8_3_16_1_1': 2 instance(s).
INFO: [RTGEN 206-100] Finished creating RTL model for 'run_attention_tiled_hls_Pipeline_VITIS_LOOP_243_1_VITIS_LOOP_244_2'.
INFO: [HLS 200-111] Finished Creating RTL model: CPU user time: 0.52 seconds. CPU system time: 0.02 seconds. Elapsed time: 0.55 seconds; current allocated memory: 1.563 GB.
INFO: [HLS 200-10] ----------------------------------------------------------------
INFO: [HLS 200-10] -- Generating RTL for module 'run_attention_tiled_hls' 
INFO: [HLS 200-10] ----------------------------------------------------------------
INFO: [RTGEN 206-100] Generating core module 'mac_muladd_10s_10s_32s_32_4_1': 1 instance(s).
INFO: [RTGEN 206-100] Generating core module 'mul_27ns_27ns_32_1_1': 1 instance(s).
INFO: [RTGEN 206-100] Generating core module 'mul_31ns_2ns_33_1_1': 1 instance(s).
INFO: [RTGEN 206-100] Generating core module 'mul_31ns_3ns_34_1_1': 1 instance(s).
INFO: [RTGEN 206-100] Generating core module 'mul_9ns_9ns_17_1_1': 1 instance(s).
INFO: [RTGEN 206-100] Generating core module 'mux_31_5_32_1_1': 2 instance(s).
INFO: [RTGEN 206-100] Finished creating RTL model for 'run_attention_tiled_hls'.
INFO: [RTMG 210-278] Implementing memory 'fa_attention_kernel_run_attention_tiled_hls_q_tile_RAM_AUTO_1R1W' using auto RAMs.
INFO: [RTMG 210-278] Implementing memory 'fa_attention_kernel_run_attention_tiled_hls_k_tile_ping_RAM_AUTO_1R1W' using auto RAMs.
INFO: [RTMG 210-278] Implementing memory 'fa_attention_kernel_run_attention_tiled_hls_o_tile_RAM_AUTO_1R1W' using auto RAMs.
INFO: [RTMG 210-278] Implementing memory 'fa_attention_kernel_run_attention_tiled_hls_row_acc_RAM_AUTO_1R1W' using auto RAMs.
INFO: [HLS 200-111] Finished Creating RTL model: CPU user time: 0.95 seconds. CPU system time: 0.04 seconds. Elapsed time: 1 seconds; current allocated memory: 1.586 GB.
INFO: [HLS 200-10] ----------------------------------------------------------------
INFO: [HLS 200-10] -- Generating RTL for module 'fa_attention_kernel' 
INFO: [HLS 200-10] ----------------------------------------------------------------
WARNING: [RTGEN 206-101] Design contains AXI ports. Reset is fixed to synchronous and active low.
INFO: [RTGEN 206-500] Setting interface mode on port 'fa_attention_kernel/gmem0' to 'm_axi'.
INFO: [RTGEN 206-500] Setting interface mode on port 'fa_attention_kernel/gmem1' to 'm_axi'.
INFO: [RTGEN 206-500] Setting interface mode on port 'fa_attention_kernel/gmem2' to 'm_axi'.
INFO: [RTGEN 206-500] Setting interface mode on port 'fa_attention_kernel/gmem3' to 'm_axi'.
INFO: [RTGEN 206-500] Setting interface mode on port 'fa_attention_kernel/gmem4' to 'm_axi'.
INFO: [RTGEN 206-500] Setting interface mode on port 'fa_attention_kernel/q' to 's_axilite & ap_none'.
INFO: [RTGEN 206-500] Setting interface mode on port 'fa_attention_kernel/k' to 's_axilite & ap_none'.
INFO: [RTGEN 206-500] Setting interface mode on port 'fa_attention_kernel/v' to 's_axilite & ap_none'.
INFO: [RTGEN 206-500] Setting interface mode on port 'fa_attention_kernel/o' to 's_axilite & ap_none'.
INFO: [RTGEN 206-500] Setting interface mode on port 'fa_attention_kernel/seq_len' to 's_axilite & ap_none'.
INFO: [RTGEN 206-500] Setting interface mode on port 'fa_attention_kernel/stride_bytes' to 's_axilite & ap_none'.
INFO: [RTGEN 206-500] Setting interface mode on port 'fa_attention_kernel/scale_q8_8' to 's_axilite & ap_none'.
INFO: [RTGEN 206-500] Setting interface mode on port 'fa_attention_kernel/neg_large_q8_8' to 's_axilite & ap_none'.
INFO: [RTGEN 206-500] Setting interface mode on port 'fa_attention_kernel/causal_en' to 's_axilite & ap_none'.
INFO: [RTGEN 206-500] Setting interface mode on port 'fa_attention_kernel/profile' to 's_axilite & ap_none'.
INFO: [RTGEN 206-500] Setting interface mode on function 'fa_attention_kernel' to 's_axilite & ap_ctrl_chain'.
INFO: [RTGEN 206-100] Bundling port 'q', 'k', 'v', 'o', 'seq_len', 'stride_bytes', 'scale_q8_8', 'neg_large_q8_8', 'causal_en', 'profile' and 'return' to AXI-Lite port control.
INFO: [RTGEN 206-100] Finished creating RTL model for 'fa_attention_kernel'.
INFO: [HLS 200-111] Finished Creating RTL model: CPU user time: 1.79 seconds. CPU system time: 0.06 seconds. Elapsed time: 1.86 seconds; current allocated memory: 1.600 GB.
INFO: [HLS 200-111] Finished Generating all RTL models: CPU user time: 5.28 seconds. CPU system time: 0.12 seconds. Elapsed time: 5.4 seconds; current allocated memory: 1.607 GB.
INFO: [HLS 200-1603] Design has inferred MAXI bursts and missed bursts, see Vitis HLS GUI synthesis summary report for detailed information.
INFO: [HLS 200-111] Finished Updating report files: CPU user time: 4.32 seconds. CPU system time: 0.07 seconds. Elapsed time: 4.39 seconds; current allocated memory: 1.631 GB.
INFO: [VHDL 208-304] Generating VHDL RTL for fa_attention_kernel.
INFO: [VLOG 209-307] Generating Verilog RTL for fa_attention_kernel.
INFO: [HLS 200-790] **** Loop Constraint Status: All loop constraints were NOT satisfied.
INFO: [HLS 200-789] **** Estimated Fmax: 147.82 MHz
INFO: [HLS 200-111] Finished Command csynth_design CPU user time: 125.7 seconds. CPU system time: 11.12 seconds. Elapsed time: 138.45 seconds; current allocated memory: 556.355 MB.
INFO: [HLS 200-112] Total CPU user time: 129.09 seconds. Total CPU system time: 12.46 seconds. Total elapsed time: 142.97 seconds; peak allocated memory: 1.632 GB.
INFO: [Common 17-206] Exiting vitis_hls at Tue Apr  7 00:48:38 2026...
