
****** Vitis HLS - High-Level Synthesis from C, C++ and OpenCL v2023.1 (64-bit)
  **** SW Build 3854077 on May  4 2023
  **** IP Build 3864474 on Sun May  7 20:36:21 MDT 2023
  **** SharedData Build 3865790 on Sun May 07 13:33:03 MDT 2023
    ** Copyright 1986-2022 Xilinx, Inc. All Rights Reserved.
    ** Copyright 2022-2023 Advanced Micro Devices, Inc. All Rights Reserved.

source /home/luci/tools/Xilinx/Vitis_HLS/2023.1/scripts/vitis_hls/hls.tcl -notrace
INFO: [HLS 200-10] Running '/home/luci/tools/Xilinx/Vitis_HLS/2023.1/bin/unwrapped/lnx64.o/vitis_hls'
INFO: [HLS 200-10] For user 'luci' on host 'luci-Rack-Server' (Linux_x86_64 version 6.8.0-79-generic) on Mon Apr 06 23:16:00 CST 2026
INFO: [HLS 200-10] On os Ubuntu 22.04.5 LTS
INFO: [HLS 200-10] In directory '/3.2T/work/fpga-fa/fpga/hls/fa_gemv_kernel'
Sourcing Tcl script 'run_hls.tcl'
INFO: [HLS 200-1510] Running: source run_hls.tcl
INFO: [HLS 200-1510] Running: open_project -reset fa_gemv_kernel_hls 
INFO: [HLS 200-10] Opening and resetting project '/3.2T/work/fpga-fa/fpga/hls/fa_gemv_kernel/build/fa_gemv_kernel_hls'.
INFO: [HLS 200-1510] Running: set_top fa_gemv_kernel 
INFO: [HLS 200-1510] Running: add_files -cflags -I/3.2T/work/fpga-fa/fpga/common /3.2T/work/fpga-fa/fpga/hls/fa_gemv_kernel/fa_gemv_kernel.cpp 
INFO: [HLS 200-10] Adding design file '/3.2T/work/fpga-fa/fpga/hls/fa_gemv_kernel/fa_gemv_kernel.cpp' to the project
INFO: [HLS 200-1510] Running: add_files -cflags -I/3.2T/work/fpga-fa/fpga/common /3.2T/work/fpga-fa/fpga/common/fa_q8_8_linear.cpp 
INFO: [HLS 200-10] Adding design file '/3.2T/work/fpga-fa/fpga/common/fa_q8_8_linear.cpp' to the project
INFO: [HLS 200-1510] Running: open_solution -reset solution1 -flow_target vitis 
INFO: [HLS 200-10] Creating and opening solution '/3.2T/work/fpga-fa/fpga/hls/fa_gemv_kernel/build/fa_gemv_kernel_hls/solution1'.
INFO: [HLS 200-10] Cleaning up the solution database.
INFO: [HLS 200-1505] Using flow_target 'vitis'
Resolution: For help on HLS 200-1505 see www.xilinx.com/cgi-bin/docs/rdoc?v=2023.1;t=hls+guidance;d=200-1505.html
INFO: [HLS 200-435] Setting 'open_solution -flow_target vitis' configuration: config_interface -m_axi_latency=64
INFO: [HLS 200-435] Setting 'open_solution -flow_target vitis' configuration: config_interface -m_axi_alignment_byte_size=64
INFO: [HLS 200-435] Setting 'open_solution -flow_target vitis' configuration: config_interface -m_axi_max_widen_bitwidth=512
INFO: [HLS 200-435] Setting 'open_solution -flow_target vitis' configuration: config_rtl -register_reset_num=3
INFO: [HLS 200-1510] Running: set_part xck26-sfvc784-2LV-c 
INFO: [HLS 200-1611] Setting target device to 'xck26-sfvc784-2LV-c'
INFO: [HLS 200-1510] Running: create_clock -period 5.0 -name default 
INFO: [SYN 201-201] Setting up clock 'default' with a period of 5ns.
INFO: [HLS 200-1510] Running: csynth_design 
INFO: [HLS 200-111] Finished File checks and directory preparation: CPU user time: 0.08 seconds. CPU system time: 0.02 seconds. Elapsed time: 0.1 seconds; current allocated memory: 1.088 GB.
INFO: [HLS 200-10] Analyzing design file '/3.2T/work/fpga-fa/fpga/common/fa_q8_8_linear.cpp' ... 
INFO: [HLS 200-10] Analyzing design file '/3.2T/work/fpga-fa/fpga/hls/fa_gemv_kernel/fa_gemv_kernel.cpp' ... 
INFO: [HLS 200-111] Finished Source Code Analysis and Preprocessing: CPU user time: 1.08 seconds. CPU system time: 1.98 seconds. Elapsed time: 3.05 seconds; current allocated memory: 1.090 GB.
INFO: [HLS 200-777] Using interface defaults for 'Vitis' flow target.
INFO: [HLS 200-1995] There were 169 instructions in the design after the 'Compile/Link' phase of compilation. See the Design Size Report for more details: /3.2T/work/fpga-fa/fpga/hls/fa_gemv_kernel/build/fa_gemv_kernel_hls/solution1/syn/report/csynth_design_size.rpt
INFO: [HLS 200-1995] There were 173 instructions in the design after the 'Unroll/Inline' phase of compilation. See the Design Size Report for more details: /3.2T/work/fpga-fa/fpga/hls/fa_gemv_kernel/build/fa_gemv_kernel_hls/solution1/syn/report/csynth_design_size.rpt
INFO: [HLS 200-1995] There were 353 instructions in the design after the 'Performance/Pipeline' phase of compilation. See the Design Size Report for more details: /3.2T/work/fpga-fa/fpga/hls/fa_gemv_kernel/build/fa_gemv_kernel_hls/solution1/syn/report/csynth_design_size.rpt
INFO: [HLS 200-1995] There were 326 instructions in the design after the 'Optimizations' phase of compilation. See the Design Size Report for more details: /3.2T/work/fpga-fa/fpga/hls/fa_gemv_kernel/build/fa_gemv_kernel_hls/solution1/syn/report/csynth_design_size.rpt
INFO: [HLS 214-178] Inlining function 'fpga::linear::(anonymous namespace)::sat_s16(int)' into 'fpga::linear::(anonymous namespace)::q8_8_round_shift(long)' (/3.2T/work/fpga-fa/fpga/common/fa_q8_8_linear.cpp:17:0)
INFO: [HLS 214-178] Inlining function 'fpga::linear::(anonymous namespace)::q8_8_round_shift(long)' into 'fpga::linear::(anonymous namespace)::compute_tile(short const*, short const*, short*, int, int, int)' (/3.2T/work/fpga-fa/fpga/common/fa_q8_8_linear.cpp:34:0)
INFO: [HLS 214-178] Inlining function 'fpga::linear::clear_profile(unsigned int*)' into 'fpga::linear::run_gemv_tiled_hls(short const*, short const*, short*, int, int, unsigned int*)' (/3.2T/work/fpga-fa/fpga/common/fa_q8_8_linear.cpp:96:0)
INFO: [HLS 214-178] Inlining function 'fpga::linear::(anonymous namespace)::load_x_tile(short const*, short*, int)' into 'fpga::linear::run_gemv_tiled_hls(short const*, short const*, short*, int, int, unsigned int*)' (/3.2T/work/fpga-fa/fpga/common/fa_q8_8_linear.cpp:96:0)
INFO: [HLS 214-178] Inlining function 'int const& std::min<int>(int const&, int const&)' into 'fpga::linear::run_gemv_tiled_hls(short const*, short const*, short*, int, int, unsigned int*)' (/3.2T/work/fpga-fa/fpga/common/fa_q8_8_linear.cpp:96:0)
INFO: [HLS 214-178] Inlining function 'fpga::linear::(anonymous namespace)::compute_tile(short const*, short const*, short*, int, int, int)' into 'fpga::linear::run_gemv_tiled_hls(short const*, short const*, short*, int, int, unsigned int*)' (/3.2T/work/fpga-fa/fpga/common/fa_q8_8_linear.cpp:96:0)
INFO: [HLS 214-248] Applying array_partition to 'x_local': Cyclic partitioning with factor 8 on dimension 1. (/3.2T/work/fpga-fa/fpga/common/fa_q8_8_linear.cpp:108:11)
INFO: [HLS 214-188] Unrolling loop 'VITIS_LOOP_44_2' (/3.2T/work/fpga-fa/fpga/common/fa_q8_8_linear.cpp:44:22) in function 'fpga::linear::run_gemv_tiled_hls' partially with a factor of 8 (/3.2T/work/fpga-fa/fpga/common/fa_q8_8_linear.cpp:96:0)
INFO: [HLS 214-115] Multiple burst reads of variable length and bit width 16 in loop 'VITIS_LOOP_23_1'(/3.2T/work/fpga-fa/fpga/common/fa_q8_8_linear.cpp:23:20) has been inferred on bundle 'gmem0'. These burst requests might be further partitioned into multiple requests during RTL generation, based on max_read_burst_length or max_write_burst_length settings. (/3.2T/work/fpga-fa/fpga/common/fa_q8_8_linear.cpp:23:20)
INFO: [HLS 214-115] Multiple burst reads of variable length and bit width 16 has been inferred on bundle 'gmem1'. These burst requests might be further partitioned into multiple requests during RTL generation, based on max_read_burst_length or max_write_burst_length settings. (/3.2T/work/fpga-fa/fpga/common/fa_q8_8_linear.cpp:35:20)
INFO: [HLS 214-115] Multiple burst writes of variable length and bit width 16 in loop 'VITIS_LOOP_35_1'(/3.2T/work/fpga-fa/fpga/common/fa_q8_8_linear.cpp:35:20) has been inferred on bundle 'gmem2'. These burst requests might be further partitioned into multiple requests during RTL generation, based on max_read_burst_length or max_write_burst_length settings. (/3.2T/work/fpga-fa/fpga/common/fa_q8_8_linear.cpp:35:20)
INFO: [HLS 200-111] Finished Compiling Optimization and Transform: CPU user time: 2.69 seconds. CPU system time: 1.2 seconds. Elapsed time: 8.36 seconds; current allocated memory: 1.092 GB.
INFO: [HLS 200-111] Finished Checking Pragmas: CPU user time: 0 seconds. CPU system time: 0 seconds. Elapsed time: 0 seconds; current allocated memory: 1.092 GB.
INFO: [HLS 200-10] Starting code transformations ...
INFO: [HLS 200-111] Finished Standard Transforms: CPU user time: 0.02 seconds. CPU system time: 0 seconds. Elapsed time: 0.03 seconds; current allocated memory: 1.093 GB.
INFO: [HLS 200-10] Checking synthesizability ...
INFO: [HLS 200-111] Finished Checking Synthesizability: CPU user time: 0.03 seconds. CPU system time: 0 seconds. Elapsed time: 0.03 seconds; current allocated memory: 1.093 GB.
INFO: [XFORM 203-510] Pipelining loop 'VITIS_LOOP_44_2' (/3.2T/work/fpga-fa/fpga/common/fa_q8_8_linear.cpp:44) in function 'fpga::linear::run_gemv_tiled_hls' automatically.
INFO: [HLS 200-111] Finished Loop, function and other optimizations: CPU user time: 0.12 seconds. CPU system time: 0.02 seconds. Elapsed time: 0.14 seconds; current allocated memory: 1.115 GB.
WARNING: [HLS 200-960] Cannot flatten loop 'VITIS_LOOP_35_1' (/3.2T/work/fpga-fa/fpga/common/fa_q8_8_linear.cpp:35:20) in function 'fpga::linear::run_gemv_tiled_hls' the outer loop is not a perfect loop because there is nontrivial logic before entering the inner loop.
Resolution: For help on HLS 200-960 see www.xilinx.com/cgi-bin/docs/rdoc?v=2023.1;t=hls+guidance;d=200-960.html
WARNING: [HLS 200-960] Cannot flatten loop 'VITIS_LOOP_113_1' (/3.2T/work/fpga-fa/fpga/common/fa_q8_8_linear.cpp:113:21) in function 'fpga::linear::run_gemv_tiled_hls' the outer loop is not a perfect loop because there is nontrivial logic in the loop latch.
Resolution: For help on HLS 200-960 see www.xilinx.com/cgi-bin/docs/rdoc?v=2023.1;t=hls+guidance;d=200-960.html
INFO: [HLS 200-111] Finished Architecture Synthesis: CPU user time: 0.1 seconds. CPU system time: 0.01 seconds. Elapsed time: 0.11 seconds; current allocated memory: 1.136 GB.
INFO: [HLS 200-10] Starting hardware synthesis ...
INFO: [HLS 200-10] Synthesizing 'fa_gemv_kernel' ...
INFO: [HLS 200-10] ----------------------------------------------------------------
INFO: [HLS 200-42] -- Implementing module 'run_gemv_tiled_hls_Pipeline_VITIS_LOOP_23_1' 
INFO: [HLS 200-10] ----------------------------------------------------------------
INFO: [SCHED 204-11] Starting scheduling ...
INFO: [SCHED 204-61] Pipelining loop 'VITIS_LOOP_23_1'.
INFO: [HLS 200-1470] Pipelining result : Target II = 1, Final II = 1, Depth = 3, loop 'VITIS_LOOP_23_1'
INFO: [SCHED 204-11] Finished scheduling.
INFO: [HLS 200-111] Finished Scheduling: CPU user time: 0.11 seconds. CPU system time: 0.1 seconds. Elapsed time: 0.19 seconds; current allocated memory: 1.137 GB.
INFO: [BIND 205-100] Starting micro-architecture generation ...
INFO: [BIND 205-101] Performing variable lifetime analysis.
INFO: [BIND 205-101] Exploring resource sharing.
INFO: [BIND 205-101] Binding ...
INFO: [BIND 205-100] Finished micro-architecture generation.
INFO: [HLS 200-111] Finished Binding: CPU user time: 0.06 seconds. CPU system time: 0.01 seconds. Elapsed time: 0.07 seconds; current allocated memory: 1.137 GB.
INFO: [HLS 200-10] ----------------------------------------------------------------
INFO: [HLS 200-42] -- Implementing module 'run_gemv_tiled_hls_Pipeline_VITIS_LOOP_44_2' 
INFO: [HLS 200-10] ----------------------------------------------------------------
INFO: [SCHED 204-11] Starting scheduling ...
INFO: [SCHED 204-61] Pipelining loop 'VITIS_LOOP_44_2'.
WARNING: [HLS 200-880] The II Violation in module 'run_gemv_tiled_hls_Pipeline_VITIS_LOOP_44_2' (loop 'VITIS_LOOP_44_2'): Unable to enforce a carried dependence constraint (II = 1, distance = 1, offset = 1) between 'add' operation ('acc', /3.2T/work/fpga-fa/fpga/common/fa_q8_8_linear.cpp:48->/3.2T/work/fpga-fa/fpga/common/fa_q8_8_linear.cpp:115) and 'add' operation ('acc', /3.2T/work/fpga-fa/fpga/common/fa_q8_8_linear.cpp:48->/3.2T/work/fpga-fa/fpga/common/fa_q8_8_linear.cpp:115).
Resolution: For help on HLS 200-880 see www.xilinx.com/cgi-bin/docs/rdoc?v=2023.1;t=hls+guidance;d=200-880.html
WARNING: [HLS 200-880] The II Violation in module 'run_gemv_tiled_hls_Pipeline_VITIS_LOOP_44_2' (loop 'VITIS_LOOP_44_2'): Unable to enforce a carried dependence constraint (II = 2, distance = 1, offset = 1) between 'add' operation ('acc', /3.2T/work/fpga-fa/fpga/common/fa_q8_8_linear.cpp:48->/3.2T/work/fpga-fa/fpga/common/fa_q8_8_linear.cpp:115) and 'add' operation ('acc', /3.2T/work/fpga-fa/fpga/common/fa_q8_8_linear.cpp:48->/3.2T/work/fpga-fa/fpga/common/fa_q8_8_linear.cpp:115).
Resolution: For help on HLS 200-880 see www.xilinx.com/cgi-bin/docs/rdoc?v=2023.1;t=hls+guidance;d=200-880.html
WARNING: [HLS 200-880] The II Violation in module 'run_gemv_tiled_hls_Pipeline_VITIS_LOOP_44_2' (loop 'VITIS_LOOP_44_2'): Unable to enforce a carried dependence constraint (II = 3, distance = 1, offset = 1) between bus read operation ('gmem1_addr_read_7', /3.2T/work/fpga-fa/fpga/common/fa_q8_8_linear.cpp:46->/3.2T/work/fpga-fa/fpga/common/fa_q8_8_linear.cpp:115) on port 'gmem1' (/3.2T/work/fpga-fa/fpga/common/fa_q8_8_linear.cpp:46->/3.2T/work/fpga-fa/fpga/common/fa_q8_8_linear.cpp:115) and bus read operation ('gmem1_addr_read', /3.2T/work/fpga-fa/fpga/common/fa_q8_8_linear.cpp:46->/3.2T/work/fpga-fa/fpga/common/fa_q8_8_linear.cpp:115) on port 'gmem1' (/3.2T/work/fpga-fa/fpga/common/fa_q8_8_linear.cpp:46->/3.2T/work/fpga-fa/fpga/common/fa_q8_8_linear.cpp:115).
Resolution: For help on HLS 200-880 see www.xilinx.com/cgi-bin/docs/rdoc?v=2023.1;t=hls+guidance;d=200-880.html
WARNING: [HLS 200-880] The II Violation in module 'run_gemv_tiled_hls_Pipeline_VITIS_LOOP_44_2' (loop 'VITIS_LOOP_44_2'): Unable to enforce a carried dependence constraint (II = 4, distance = 1, offset = 1) between bus read operation ('gmem1_addr_read_7', /3.2T/work/fpga-fa/fpga/common/fa_q8_8_linear.cpp:46->/3.2T/work/fpga-fa/fpga/common/fa_q8_8_linear.cpp:115) on port 'gmem1' (/3.2T/work/fpga-fa/fpga/common/fa_q8_8_linear.cpp:46->/3.2T/work/fpga-fa/fpga/common/fa_q8_8_linear.cpp:115) and bus read operation ('gmem1_addr_read', /3.2T/work/fpga-fa/fpga/common/fa_q8_8_linear.cpp:46->/3.2T/work/fpga-fa/fpga/common/fa_q8_8_linear.cpp:115) on port 'gmem1' (/3.2T/work/fpga-fa/fpga/common/fa_q8_8_linear.cpp:46->/3.2T/work/fpga-fa/fpga/common/fa_q8_8_linear.cpp:115).
Resolution: For help on HLS 200-880 see www.xilinx.com/cgi-bin/docs/rdoc?v=2023.1;t=hls+guidance;d=200-880.html
WARNING: [HLS 200-880] The II Violation in module 'run_gemv_tiled_hls_Pipeline_VITIS_LOOP_44_2' (loop 'VITIS_LOOP_44_2'): Unable to enforce a carried dependence constraint (II = 7, distance = 1, offset = 1) between bus read operation ('gmem1_addr_read_7', /3.2T/work/fpga-fa/fpga/common/fa_q8_8_linear.cpp:46->/3.2T/work/fpga-fa/fpga/common/fa_q8_8_linear.cpp:115) on port 'gmem1' (/3.2T/work/fpga-fa/fpga/common/fa_q8_8_linear.cpp:46->/3.2T/work/fpga-fa/fpga/common/fa_q8_8_linear.cpp:115) and bus read operation ('gmem1_addr_read', /3.2T/work/fpga-fa/fpga/common/fa_q8_8_linear.cpp:46->/3.2T/work/fpga-fa/fpga/common/fa_q8_8_linear.cpp:115) on port 'gmem1' (/3.2T/work/fpga-fa/fpga/common/fa_q8_8_linear.cpp:46->/3.2T/work/fpga-fa/fpga/common/fa_q8_8_linear.cpp:115).
Resolution: For help on HLS 200-880 see www.xilinx.com/cgi-bin/docs/rdoc?v=2023.1;t=hls+guidance;d=200-880.html
INFO: [HLS 200-1470] Pipelining result : Target II = NA, Final II = 8, Depth = 10, loop 'VITIS_LOOP_44_2'
INFO: [SCHED 204-11] Finished scheduling.
INFO: [HLS 200-111] Finished Scheduling: CPU user time: 0.36 seconds. CPU system time: 0 seconds. Elapsed time: 0.37 seconds; current allocated memory: 1.140 GB.
INFO: [BIND 205-100] Starting micro-architecture generation ...
INFO: [BIND 205-101] Performing variable lifetime analysis.
INFO: [BIND 205-101] Exploring resource sharing.
INFO: [BIND 205-101] Binding ...
INFO: [BIND 205-100] Finished micro-architecture generation.
INFO: [HLS 200-111] Finished Binding: CPU user time: 0.27 seconds. CPU system time: 0.01 seconds. Elapsed time: 0.27 seconds; current allocated memory: 1.140 GB.
INFO: [HLS 200-10] ----------------------------------------------------------------
INFO: [HLS 200-42] -- Implementing module 'run_gemv_tiled_hls' 
INFO: [HLS 200-10] ----------------------------------------------------------------
INFO: [SCHED 204-11] Starting scheduling ...
INFO: [SCHED 204-11] Finished scheduling.
INFO: [HLS 200-111] Finished Scheduling: CPU user time: 1.43 seconds. CPU system time: 0.01 seconds. Elapsed time: 1.45 seconds; current allocated memory: 1.140 GB.
INFO: [BIND 205-100] Starting micro-architecture generation ...
INFO: [BIND 205-101] Performing variable lifetime analysis.
INFO: [BIND 205-101] Exploring resource sharing.
INFO: [BIND 205-101] Binding ...
INFO: [BIND 205-100] Finished micro-architecture generation.
INFO: [HLS 200-111] Finished Binding: CPU user time: 2.83 seconds. CPU system time: 0.01 seconds. Elapsed time: 2.84 seconds; current allocated memory: 1.140 GB.
INFO: [HLS 200-10] ----------------------------------------------------------------
INFO: [HLS 200-42] -- Implementing module 'fa_gemv_kernel' 
INFO: [HLS 200-10] ----------------------------------------------------------------
INFO: [SCHED 204-11] Starting scheduling ...
INFO: [SCHED 204-11] Finished scheduling.
INFO: [HLS 200-111] Finished Scheduling: CPU user time: 0.41 seconds. CPU system time: 0.02 seconds. Elapsed time: 0.43 seconds; current allocated memory: 1.141 GB.
INFO: [BIND 205-100] Starting micro-architecture generation ...
INFO: [BIND 205-101] Performing variable lifetime analysis.
INFO: [BIND 205-101] Exploring resource sharing.
INFO: [BIND 205-101] Binding ...
INFO: [BIND 205-100] Finished micro-architecture generation.
INFO: [HLS 200-111] Finished Binding: CPU user time: 0.06 seconds. CPU system time: 0 seconds. Elapsed time: 0.05 seconds; current allocated memory: 1.141 GB.
INFO: [HLS 200-10] ----------------------------------------------------------------
INFO: [HLS 200-10] -- Generating RTL for module 'run_gemv_tiled_hls_Pipeline_VITIS_LOOP_23_1' 
INFO: [HLS 200-10] ----------------------------------------------------------------
INFO: [HLS 200-1030] Apply Unified Pipeline Control on module 'run_gemv_tiled_hls_Pipeline_VITIS_LOOP_23_1' pipeline 'VITIS_LOOP_23_1' pipeline type 'loop pipeline'
WARNING: [RTGEN 206-101] Setting dangling out port 'run_gemv_tiled_hls_Pipeline_VITIS_LOOP_23_1/m_axi_gmem0_ARVALID' to 0.
WARNING: [RTGEN 206-101] Setting dangling out port 'run_gemv_tiled_hls_Pipeline_VITIS_LOOP_23_1/m_axi_gmem0_ARADDR' to 0.
WARNING: [RTGEN 206-101] Setting dangling out port 'run_gemv_tiled_hls_Pipeline_VITIS_LOOP_23_1/m_axi_gmem0_ARID' to 0.
WARNING: [RTGEN 206-101] Setting dangling out port 'run_gemv_tiled_hls_Pipeline_VITIS_LOOP_23_1/m_axi_gmem0_ARLEN' to 0.
WARNING: [RTGEN 206-101] Setting dangling out port 'run_gemv_tiled_hls_Pipeline_VITIS_LOOP_23_1/m_axi_gmem0_ARSIZE' to 0.
WARNING: [RTGEN 206-101] Setting dangling out port 'run_gemv_tiled_hls_Pipeline_VITIS_LOOP_23_1/m_axi_gmem0_ARBURST' to 0.
WARNING: [RTGEN 206-101] Setting dangling out port 'run_gemv_tiled_hls_Pipeline_VITIS_LOOP_23_1/m_axi_gmem0_ARLOCK' to 0.
WARNING: [RTGEN 206-101] Setting dangling out port 'run_gemv_tiled_hls_Pipeline_VITIS_LOOP_23_1/m_axi_gmem0_ARCACHE' to 0.
WARNING: [RTGEN 206-101] Setting dangling out port 'run_gemv_tiled_hls_Pipeline_VITIS_LOOP_23_1/m_axi_gmem0_ARPROT' to 0.
WARNING: [RTGEN 206-101] Setting dangling out port 'run_gemv_tiled_hls_Pipeline_VITIS_LOOP_23_1/m_axi_gmem0_ARQOS' to 0.
WARNING: [RTGEN 206-101] Setting dangling out port 'run_gemv_tiled_hls_Pipeline_VITIS_LOOP_23_1/m_axi_gmem0_ARREGION' to 0.
WARNING: [RTGEN 206-101] Setting dangling out port 'run_gemv_tiled_hls_Pipeline_VITIS_LOOP_23_1/m_axi_gmem0_ARUSER' to 0.
INFO: [RTGEN 206-100] Finished creating RTL model for 'run_gemv_tiled_hls_Pipeline_VITIS_LOOP_23_1'.
INFO: [HLS 200-111] Finished Creating RTL model: CPU user time: 0.05 seconds. CPU system time: 0.01 seconds. Elapsed time: 0.05 seconds; current allocated memory: 1.141 GB.
INFO: [HLS 200-10] ----------------------------------------------------------------
INFO: [HLS 200-10] -- Generating RTL for module 'run_gemv_tiled_hls_Pipeline_VITIS_LOOP_44_2' 
INFO: [HLS 200-10] ----------------------------------------------------------------
WARNING: [RTGEN 206-101] Setting dangling out port 'run_gemv_tiled_hls_Pipeline_VITIS_LOOP_44_2/m_axi_gmem1_ARVALID' to 0.
WARNING: [RTGEN 206-101] Setting dangling out port 'run_gemv_tiled_hls_Pipeline_VITIS_LOOP_44_2/m_axi_gmem1_ARADDR' to 0.
WARNING: [RTGEN 206-101] Setting dangling out port 'run_gemv_tiled_hls_Pipeline_VITIS_LOOP_44_2/m_axi_gmem1_ARID' to 0.
WARNING: [RTGEN 206-101] Setting dangling out port 'run_gemv_tiled_hls_Pipeline_VITIS_LOOP_44_2/m_axi_gmem1_ARLEN' to 0.
WARNING: [RTGEN 206-101] Setting dangling out port 'run_gemv_tiled_hls_Pipeline_VITIS_LOOP_44_2/m_axi_gmem1_ARSIZE' to 0.
WARNING: [RTGEN 206-101] Setting dangling out port 'run_gemv_tiled_hls_Pipeline_VITIS_LOOP_44_2/m_axi_gmem1_ARBURST' to 0.
WARNING: [RTGEN 206-101] Setting dangling out port 'run_gemv_tiled_hls_Pipeline_VITIS_LOOP_44_2/m_axi_gmem1_ARLOCK' to 0.
WARNING: [RTGEN 206-101] Setting dangling out port 'run_gemv_tiled_hls_Pipeline_VITIS_LOOP_44_2/m_axi_gmem1_ARCACHE' to 0.
WARNING: [RTGEN 206-101] Setting dangling out port 'run_gemv_tiled_hls_Pipeline_VITIS_LOOP_44_2/m_axi_gmem1_ARPROT' to 0.
WARNING: [RTGEN 206-101] Setting dangling out port 'run_gemv_tiled_hls_Pipeline_VITIS_LOOP_44_2/m_axi_gmem1_ARQOS' to 0.
WARNING: [RTGEN 206-101] Setting dangling out port 'run_gemv_tiled_hls_Pipeline_VITIS_LOOP_44_2/m_axi_gmem1_ARREGION' to 0.
WARNING: [RTGEN 206-101] Setting dangling out port 'run_gemv_tiled_hls_Pipeline_VITIS_LOOP_44_2/m_axi_gmem1_ARUSER' to 0.
INFO: [RTGEN 206-100] Generating core module 'mul_16s_16s_32_1_1': 8 instance(s).
INFO: [RTGEN 206-100] Finished creating RTL model for 'run_gemv_tiled_hls_Pipeline_VITIS_LOOP_44_2'.
INFO: [HLS 200-111] Finished Creating RTL model: CPU user time: 0.13 seconds. CPU system time: 0.02 seconds. Elapsed time: 0.15 seconds; current allocated memory: 1.144 GB.
INFO: [HLS 200-10] ----------------------------------------------------------------
INFO: [HLS 200-10] -- Generating RTL for module 'run_gemv_tiled_hls' 
INFO: [HLS 200-10] ----------------------------------------------------------------
INFO: [RTGEN 206-100] Generating core module 'mul_26ns_32ns_58_1_1': 1 instance(s).
INFO: [RTGEN 206-100] Generating core module 'mul_32s_32s_32_1_1': 1 instance(s).
INFO: [RTGEN 206-100] Generating core module 'mul_6ns_32s_32_1_1': 1 instance(s).
INFO: [RTGEN 206-100] Generating core module 'mux_8_3_64_1_1': 1 instance(s).
INFO: [RTGEN 206-100] Finished creating RTL model for 'run_gemv_tiled_hls'.
INFO: [RTMG 210-278] Implementing memory 'fa_gemv_kernel_run_gemv_tiled_hls_x_local_RAM_AUTO_1R1W' using auto RAMs.
INFO: [HLS 200-111] Finished Creating RTL model: CPU user time: 0.85 seconds. CPU system time: 0.02 seconds. Elapsed time: 0.87 seconds; current allocated memory: 1.151 GB.
INFO: [HLS 200-10] ----------------------------------------------------------------
INFO: [HLS 200-10] -- Generating RTL for module 'fa_gemv_kernel' 
INFO: [HLS 200-10] ----------------------------------------------------------------
WARNING: [RTGEN 206-101] Design contains AXI ports. Reset is fixed to synchronous and active low.
INFO: [RTGEN 206-500] Setting interface mode on port 'fa_gemv_kernel/gmem0' to 'm_axi'.
INFO: [RTGEN 206-500] Setting interface mode on port 'fa_gemv_kernel/gmem1' to 'm_axi'.
INFO: [RTGEN 206-500] Setting interface mode on port 'fa_gemv_kernel/gmem2' to 'm_axi'.
INFO: [RTGEN 206-500] Setting interface mode on port 'fa_gemv_kernel/gmem3' to 'm_axi'.
INFO: [RTGEN 206-500] Setting interface mode on port 'fa_gemv_kernel/x' to 's_axilite & ap_none'.
INFO: [RTGEN 206-500] Setting interface mode on port 'fa_gemv_kernel/w' to 's_axilite & ap_none'.
INFO: [RTGEN 206-500] Setting interface mode on port 'fa_gemv_kernel/y' to 's_axilite & ap_none'.
INFO: [RTGEN 206-500] Setting interface mode on port 'fa_gemv_kernel/in_dim' to 's_axilite & ap_none'.
INFO: [RTGEN 206-500] Setting interface mode on port 'fa_gemv_kernel/out_dim' to 's_axilite & ap_none'.
INFO: [RTGEN 206-500] Setting interface mode on port 'fa_gemv_kernel/profile' to 's_axilite & ap_none'.
INFO: [RTGEN 206-500] Setting interface mode on function 'fa_gemv_kernel' to 's_axilite & ap_ctrl_chain'.
INFO: [RTGEN 206-100] Bundling port 'x', 'w', 'y', 'in_dim', 'out_dim', 'profile' to AXI-Lite port control.
INFO: [RTGEN 206-100] Finished creating RTL model for 'fa_gemv_kernel'.
INFO: [HLS 200-111] Finished Creating RTL model: CPU user time: 0.7 seconds. CPU system time: 0.03 seconds. Elapsed time: 0.73 seconds; current allocated memory: 1.156 GB.
INFO: [HLS 200-111] Finished Generating all RTL models: CPU user time: 0.69 seconds. CPU system time: 0.05 seconds. Elapsed time: 0.74 seconds; current allocated memory: 1.160 GB.
INFO: [HLS 200-1603] Design has inferred MAXI bursts and missed bursts, see Vitis HLS GUI synthesis summary report for detailed information.
INFO: [HLS 200-111] Finished Updating report files: CPU user time: 1.32 seconds. CPU system time: 0.04 seconds. Elapsed time: 1.36 seconds; current allocated memory: 1.169 GB.
INFO: [VHDL 208-304] Generating VHDL RTL for fa_gemv_kernel.
INFO: [VLOG 209-307] Generating Verilog RTL for fa_gemv_kernel.
INFO: [HLS 200-790] **** Loop Constraint Status: All loop constraints were NOT satisfied.
INFO: [HLS 200-789] **** Estimated Fmax: 273.97 MHz
INFO: [HLS 200-111] Finished Command csynth_design CPU user time: 13.41 seconds. CPU system time: 3.57 seconds. Elapsed time: 21.42 seconds; current allocated memory: 82.766 MB.
INFO: [HLS 200-1510] Running: export_design -format xo -output /3.2T/work/fpga-fa/fpga/hls/fa_gemv_kernel/build/fa_gemv_kernel.xo 
INFO: [IMPL 213-8] Exporting RTL as a Vivado IP.

****** Vivado v2023.1 (64-bit)
  **** SW Build 3865809 on Sun May  7 15:04:56 MDT 2023
  **** IP Build 3864474 on Sun May  7 20:36:21 MDT 2023
  **** SharedData Build 3865790 on Sun May 07 13:33:03 MDT 2023
    ** Copyright 1986-2022 Xilinx, Inc. All Rights Reserved.
    ** Copyright 2022-2023 Advanced Micro Devices, Inc. All Rights Reserved.

CRITICAL WARNING: [Common 17-741] No write access right to the local Tcl store at '/home/luci/.Xilinx/Vivado/2023.1/XilinxTclStore'. XilinxTclStore is reverted to the installation area. If you want to use local Tcl Store, please change the access right and relaunch Vivado.
source run_ippack.tcl -notrace
ipx::create_core: Time (s): cpu = 00:00:07 ; elapsed = 00:00:07 . Memory (MB): peak = 2103.566 ; gain = 124.992 ; free physical = 361815 ; free virtual = 464807
INFO: [IP_Flow 19-234] Refreshing IP repositories
INFO: [IP_Flow 19-1704] No user IP repositories specified
INFO: [IP_Flow 19-2313] Loaded Vivado IP repository '/home/luci/tools/Xilinx/Vivado/2023.1/data/ip'.
Running package_xo -xo_path /3.2T/work/fpga-fa/fpga/hls/fa_gemv_kernel/build/fa_gemv_kernel.xo -kernel_name fa_gemv_kernel -kernel_xml /3.2T/work/fpga-fa/fpga/hls/fa_gemv_kernel/build/fa_gemv_kernel_hls/solution1/impl/ip/../kernel/kernel.xml -kernel_files {/3.2T/work/fpga-fa/fpga/common/fa_q8_8_linear.cpp /3.2T/work/fpga-fa/fpga/hls/fa_gemv_kernel/fa_gemv_kernel.cpp} -ip_directory /3.2T/work/fpga-fa/fpga/hls/fa_gemv_kernel/build/fa_gemv_kernel_hls/solution1/impl/ip/ip_unzip_dir -design_xml /3.2T/work/fpga-fa/fpga/hls/fa_gemv_kernel/build/fa_gemv_kernel_hls/solution1/.autopilot/db/fa_gemv_kernel.design.xml -debug_directory /3.2T/work/fpga-fa/fpga/hls/fa_gemv_kernel/build/fa_gemv_kernel_hls/solution1/.debug -hls_directory /3.2T/work/fpga-fa/fpga/hls/fa_gemv_kernel/build/fa_gemv_kernel_hls/solution1/impl/ip/hls_files
INFO: [Common 17-206] Exiting Vivado at Mon Apr  6 23:16:43 2026...
INFO: [HLS 200-802] Generated output file fa_gemv_kernel.xo
INFO: [HLS 200-111] Finished Command export_design CPU user time: 17.41 seconds. CPU system time: 2.19 seconds. Elapsed time: 18.45 seconds; current allocated memory: 7.707 MB.
INFO: [HLS 200-112] Total CPU user time: 34.04 seconds. Total CPU system time: 7.09 seconds. Total elapsed time: 44.21 seconds; peak allocated memory: 1.177 GB.
INFO: [Common 17-206] Exiting vitis_hls at Mon Apr  6 23:16:44 2026...
