
****** Vitis HLS - High-Level Synthesis from C, C++ and OpenCL v2023.1 (64-bit)
  **** SW Build 3854077 on May  4 2023
  **** IP Build 3864474 on Sun May  7 20:36:21 MDT 2023
  **** SharedData Build 3865790 on Sun May 07 13:33:03 MDT 2023
    ** Copyright 1986-2022 Xilinx, Inc. All Rights Reserved.
    ** Copyright 2022-2023 Advanced Micro Devices, Inc. All Rights Reserved.

source /home/luci/tools/Xilinx/Vitis_HLS/2023.1/scripts/vitis_hls/hls.tcl -notrace
INFO: [HLS 200-10] Running '/home/luci/tools/Xilinx/Vitis_HLS/2023.1/bin/unwrapped/lnx64.o/vitis_hls'
INFO: [HLS 200-10] For user 'luci' on host 'luci-Rack-Server' (Linux_x86_64 version 6.8.0-79-generic) on Mon Apr 06 23:57:42 CST 2026
INFO: [HLS 200-10] On os Ubuntu 22.04.5 LTS
INFO: [HLS 200-10] In directory '/3.2T/work/fpga-fa/fpga/hls/fa_attention_kernel'
Sourcing Tcl script 'run_hls.tcl'
INFO: [HLS 200-1510] Running: source run_hls.tcl
INFO: [HLS 200-1510] Running: open_project -reset fa_attention_kernel_hls 
INFO: [HLS 200-10] Opening and resetting project '/3.2T/work/fpga-fa/fpga/hls/fa_attention_kernel/build/fa_attention_kernel_hls'.
INFO: [HLS 200-1510] Running: set_top fa_attention_kernel 
INFO: [HLS 200-1510] Running: add_files /3.2T/work/fpga-fa/fpga/hls/fa_attention_kernel/fa_attention_kernel.cpp 
INFO: [HLS 200-10] Adding design file '/3.2T/work/fpga-fa/fpga/hls/fa_attention_kernel/fa_attention_kernel.cpp' to the project
INFO: [HLS 200-1510] Running: add_files /3.2T/work/fpga-fa/fpga/common/fa_q8_8_attention.cpp 
INFO: [HLS 200-10] Adding design file '/3.2T/work/fpga-fa/fpga/common/fa_q8_8_attention.cpp' to the project
INFO: [HLS 200-1510] Running: add_files /3.2T/work/fpga-fa/fpga/common/fa_q8_8_fixed_point.cpp 
INFO: [HLS 200-10] Adding design file '/3.2T/work/fpga-fa/fpga/common/fa_q8_8_fixed_point.cpp' to the project
INFO: [HLS 200-1510] Running: add_files /3.2T/work/fpga-fa/fpga/common/fa_q8_8_recip_nr_q16_16.cpp 
INFO: [HLS 200-10] Adding design file '/3.2T/work/fpga-fa/fpga/common/fa_q8_8_recip_nr_q16_16.cpp' to the project
INFO: [HLS 200-1510] Running: add_files /3.2T/work/fpga-fa/fpga/common/fa_q8_8_qk_dotprod_slice.cpp 
INFO: [HLS 200-10] Adding design file '/3.2T/work/fpga-fa/fpga/common/fa_q8_8_qk_dotprod_slice.cpp' to the project
INFO: [HLS 200-1510] Running: add_files /3.2T/work/fpga-fa/fpga/common/fa_q8_8_online_softmax_ctx.cpp 
INFO: [HLS 200-10] Adding design file '/3.2T/work/fpga-fa/fpga/common/fa_q8_8_online_softmax_ctx.cpp' to the project
INFO: [HLS 200-1510] Running: add_files /3.2T/work/fpga-fa/fpga/common/fa_q8_8_o_normalize_block.cpp 
INFO: [HLS 200-10] Adding design file '/3.2T/work/fpga-fa/fpga/common/fa_q8_8_o_normalize_block.cpp' to the project
INFO: [HLS 200-1510] Running: add_files /3.2T/work/fpga-fa/fpga/common/fa_q8_8_row_context_rf.cpp 
INFO: [HLS 200-10] Adding design file '/3.2T/work/fpga-fa/fpga/common/fa_q8_8_row_context_rf.cpp' to the project
INFO: [HLS 200-1510] Running: open_solution -reset solution1 -flow_target vitis 
INFO: [HLS 200-10] Creating and opening solution '/3.2T/work/fpga-fa/fpga/hls/fa_attention_kernel/build/fa_attention_kernel_hls/solution1'.
INFO: [HLS 200-10] Cleaning up the solution database.
INFO: [HLS 200-1505] Using flow_target 'vitis'
Resolution: For help on HLS 200-1505 see www.xilinx.com/cgi-bin/docs/rdoc?v=2023.1;t=hls+guidance;d=200-1505.html
INFO: [HLS 200-435] Setting 'open_solution -flow_target vitis' configuration: config_interface -m_axi_latency=64
INFO: [HLS 200-435] Setting 'open_solution -flow_target vitis' configuration: config_interface -m_axi_alignment_byte_size=64
INFO: [HLS 200-435] Setting 'open_solution -flow_target vitis' configuration: config_interface -m_axi_max_widen_bitwidth=512
INFO: [HLS 200-435] Setting 'open_solution -flow_target vitis' configuration: config_rtl -register_reset_num=3
INFO: [HLS 200-1510] Running: set_part xck26-sfvc784-2LV-c 
INFO: [HLS 200-1611] Setting target device to 'xck26-sfvc784-2LV-c'
INFO: [HLS 200-1510] Running: create_clock -period 5.0 -name default 
INFO: [SYN 201-201] Setting up clock 'default' with a period of 5ns.
INFO: [HLS 200-1510] Running: csynth_design 
INFO: [HLS 200-111] Finished File checks and directory preparation: CPU user time: 0.07 seconds. CPU system time: 0.02 seconds. Elapsed time: 0.09 seconds; current allocated memory: 1.087 GB.
INFO: [HLS 200-10] Analyzing design file '/3.2T/work/fpga-fa/fpga/common/fa_q8_8_row_context_rf.cpp' ... 
INFO: [HLS 200-10] Analyzing design file '/3.2T/work/fpga-fa/fpga/common/fa_q8_8_o_normalize_block.cpp' ... 
INFO: [HLS 200-10] Analyzing design file '/3.2T/work/fpga-fa/fpga/common/fa_q8_8_online_softmax_ctx.cpp' ... 
INFO: [HLS 200-10] Analyzing design file '/3.2T/work/fpga-fa/fpga/common/fa_q8_8_qk_dotprod_slice.cpp' ... 
INFO: [HLS 200-10] Analyzing design file '/3.2T/work/fpga-fa/fpga/common/fa_q8_8_recip_nr_q16_16.cpp' ... 
INFO: [HLS 200-10] Analyzing design file '/3.2T/work/fpga-fa/fpga/common/fa_q8_8_fixed_point.cpp' ... 
INFO: [HLS 200-10] Analyzing design file '/3.2T/work/fpga-fa/fpga/common/fa_q8_8_attention.cpp' ... 
INFO: [HLS 200-10] Analyzing design file '/3.2T/work/fpga-fa/fpga/hls/fa_attention_kernel/fa_attention_kernel.cpp' ... 
INFO: [HLS 200-111] Finished Source Code Analysis and Preprocessing: CPU user time: 2.93 seconds. CPU system time: 7.93 seconds. Elapsed time: 10.83 seconds; current allocated memory: 1.091 GB.
INFO: [HLS 200-777] Using interface defaults for 'Vitis' flow target.
INFO: [HLS 200-1995] There were 2,676 instructions in the design after the 'Compile/Link' phase of compilation. See the Design Size Report for more details: /3.2T/work/fpga-fa/fpga/hls/fa_attention_kernel/build/fa_attention_kernel_hls/solution1/syn/report/csynth_design_size.rpt
INFO: [HLS 200-1995] There were 14,408 instructions in the design after the 'Unroll/Inline' phase of compilation. See the Design Size Report for more details: /3.2T/work/fpga-fa/fpga/hls/fa_attention_kernel/build/fa_attention_kernel_hls/solution1/syn/report/csynth_design_size.rpt
WARNING: [HLS 200-1995] There were 230,188 instructions in the design after the 'Performance/Pipeline' phase of compilation. See the Design Size Report for more details: /3.2T/work/fpga-fa/fpga/hls/fa_attention_kernel/build/fa_attention_kernel_hls/solution1/syn/report/csynth_design_size.rpt
WARNING: [HLS 200-1995] There were 230,143 instructions in the design after the 'Optimizations' phase of compilation. See the Design Size Report for more details: /3.2T/work/fpga-fa/fpga/hls/fa_attention_kernel/build/fa_attention_kernel_hls/solution1/syn/report/csynth_design_size.rpt
INFO: [HLS 214-291] Loop 'VITIS_LOOP_53_1' is marked as complete unroll implied by the pipeline pragma (/3.2T/work/fpga-fa/fpga/common/fa_q8_8_online_softmax_ctx.cpp:53:20)
INFO: [HLS 214-291] Loop 'VITIS_LOOP_37_3' is marked as complete unroll implied by the pipeline pragma (/3.2T/work/fpga-fa/fpga/common/fa_q8_8_qk_dotprod_slice.cpp:37:20)
INFO: [HLS 214-291] Loop 'VITIS_LOOP_23_2' is marked as complete unroll implied by the pipeline pragma (/3.2T/work/fpga-fa/fpga/common/fa_q8_8_qk_dotprod_slice.cpp:23:20)
INFO: [HLS 214-291] Loop 'VITIS_LOOP_17_1' is marked as complete unroll implied by the pipeline pragma (/3.2T/work/fpga-fa/fpga/common/fa_q8_8_qk_dotprod_slice.cpp:17:19)
INFO: [HLS 214-291] Loop 'VITIS_LOOP_13_2' is marked as complete unroll implied by the pipeline pragma (/3.2T/work/fpga-fa/fpga/common/fa_q8_8_row_context_rf.cpp:13:19)
INFO: [HLS 214-188] Unrolling loop 'VITIS_LOOP_11_1' (/3.2T/work/fpga-fa/fpga/common/fa_q8_8_o_normalize_block.cpp:11:20) in function 'fpga::fa::o_normalize_block_row' partially with a factor of 8 (/3.2T/work/fpga-fa/fpga/common/fa_q8_8_o_normalize_block.cpp:9:0)
INFO: [HLS 214-186] Unrolling loop 'VITIS_LOOP_53_1' (/3.2T/work/fpga-fa/fpga/common/fa_q8_8_online_softmax_ctx.cpp:53:20) in function 'fpga::fa::online_softmax_ctx_acc_row_step' completely with a factor of 64 (/3.2T/work/fpga-fa/fpga/common/fa_q8_8_online_softmax_ctx.cpp:39:0)
INFO: [HLS 214-186] Unrolling loop 'VITIS_LOOP_37_3' (/3.2T/work/fpga-fa/fpga/common/fa_q8_8_qk_dotprod_slice.cpp:37:20) in function 'fpga::fa::qk_dotprod_slice_pair' completely with a factor of 8 (/3.2T/work/fpga-fa/fpga/common/fa_q8_8_qk_dotprod_slice.cpp:11:0)
INFO: [HLS 214-186] Unrolling loop 'VITIS_LOOP_23_2' (/3.2T/work/fpga-fa/fpga/common/fa_q8_8_qk_dotprod_slice.cpp:23:20) in function 'fpga::fa::qk_dotprod_slice_pair' completely with a factor of 64 (/3.2T/work/fpga-fa/fpga/common/fa_q8_8_qk_dotprod_slice.cpp:11:0)
INFO: [HLS 214-186] Unrolling loop 'VITIS_LOOP_17_1' (/3.2T/work/fpga-fa/fpga/common/fa_q8_8_qk_dotprod_slice.cpp:17:19) in function 'fpga::fa::qk_dotprod_slice_pair' completely with a factor of 8 (/3.2T/work/fpga-fa/fpga/common/fa_q8_8_qk_dotprod_slice.cpp:11:0)
INFO: [HLS 214-186] Unrolling loop 'VITIS_LOOP_13_2' (/3.2T/work/fpga-fa/fpga/common/fa_q8_8_row_context_rf.cpp:13:19) in function 'fpga::fa::init_row_context_rf' completely with a factor of 16 (/3.2T/work/fpga-fa/fpga/common/fa_q8_8_row_context_rf.cpp:10:0)
INFO: [HLS 214-178] Inlining function 'fpga::fa::sat_s16(int)' into 'fpga::fa::q8_8_mul_sat(short, short)' (/3.2T/work/fpga-fa/fpga/common/fa_q8_8_fixed_point.cpp:19:0)
INFO: [HLS 214-178] Inlining function 'int const& std::min<int>(int const&, int const&)' into 'fpga::fa::(anonymous namespace)::generate_score_batch(short const (*) [64], short const (*) [64], int, int, int, int, int, short, short, bool, hls::stream<fpga::fa::(anonymous namespace)::ScorePacket, 0>&)' (/3.2T/work/fpga-fa/fpga/common/fa_q8_8_attention.cpp:79:0)
INFO: [HLS 214-178] Inlining function 'fpga::fa::q8_8_mul_sat(short, short)' into 'fpga::fa::(anonymous namespace)::generate_score_batch(short const (*) [64], short const (*) [64], int, int, int, int, int, short, short, bool, hls::stream<fpga::fa::(anonymous namespace)::ScorePacket, 0>&)' (/3.2T/work/fpga-fa/fpga/common/fa_q8_8_attention.cpp:79:0)
INFO: [HLS 214-178] Inlining function 'fpga::fa::exp2_ctx_q1_15(short)' into 'fpga::fa::online_softmax_ctx_acc_row_step(short, short const*, short&, unsigned int&, int*)' (/3.2T/work/fpga-fa/fpga/common/fa_q8_8_online_softmax_ctx.cpp:39:0)
INFO: [HLS 214-178] Inlining function 'fpga::fa::to_u32(unsigned long)' into 'fpga::fa::online_softmax_ctx_acc_row_step(short, short const*, short&, unsigned int&, int*)' (/3.2T/work/fpga-fa/fpga/common/fa_q8_8_online_softmax_ctx.cpp:39:0)
INFO: [HLS 214-178] Inlining function 'int const& std::min<int>(int const&, int const&)' into 'fpga::fa::(anonymous namespace)::consume_score_batch(short const (*) [64], short*, unsigned int*, int (*) [64], int, int, int, hls::stream<fpga::fa::(anonymous namespace)::ScorePacket, 0>&)' (/3.2T/work/fpga-fa/fpga/common/fa_q8_8_attention.cpp:127:0)
INFO: [HLS 214-178] Inlining function 'fpga::fa::clz32_cpp(unsigned int)' into 'fpga::fa::recip_nr_rtl_q16_16(unsigned int)' (/3.2T/work/fpga-fa/fpga/common/fa_q8_8_recip_nr_q16_16.cpp:8:0)
INFO: [HLS 214-178] Inlining function 'fpga::fa::mul_q1_31(unsigned int, unsigned int)' into 'fpga::fa::recip_nr_rtl_q16_16(unsigned int)' (/3.2T/work/fpga-fa/fpga/common/fa_q8_8_recip_nr_q16_16.cpp:8:0)
INFO: [HLS 214-178] Inlining function 'fpga::fa::mul_q1_31_corr(unsigned int, unsigned int, bool)' into 'fpga::fa::recip_nr_rtl_q16_16(unsigned int)' (/3.2T/work/fpga-fa/fpga/common/fa_q8_8_recip_nr_q16_16.cpp:8:0)
INFO: [HLS 214-178] Inlining function 'fpga::fa::sat_s16(int)' into 'fpga::fa::o_normalize_block_row(int const*, unsigned int, short*)' (/3.2T/work/fpga-fa/fpga/common/fa_q8_8_o_normalize_block.cpp:9:0)
INFO: [HLS 214-178] Inlining function 'fpga::fa::clear_profile(unsigned int*)' into 'fpga::fa::run_attention_tiled_hls(short const*, short const*, short const*, short*, int, int, short, short, bool, unsigned int*)' (/3.2T/work/fpga-fa/fpga/common/fa_q8_8_attention.cpp:255:0)
INFO: [HLS 214-178] Inlining function 'int const& std::min<int>(int const&, int const&)' into 'fpga::fa::run_attention_tiled_hls(short const*, short const*, short const*, short*, int, int, short, short, bool, unsigned int*)' (/3.2T/work/fpga-fa/fpga/common/fa_q8_8_attention.cpp:255:0)
INFO: [HLS 214-178] Inlining function 'fpga::fa::load_q_tile(short const*, short (*) [64], int, int, int)' into 'fpga::fa::run_attention_tiled_hls(short const*, short const*, short const*, short*, int, int, short, short, bool, unsigned int*)' (/3.2T/work/fpga-fa/fpga/common/fa_q8_8_attention.cpp:255:0)
INFO: [HLS 214-178] Inlining function 'fpga::fa::init_row_context(short*, unsigned int*, int (*) [64], int, short)' into 'fpga::fa::run_attention_tiled_hls(short const*, short const*, short const*, short*, int, int, short, short, bool, unsigned int*)' (/3.2T/work/fpga-fa/fpga/common/fa_q8_8_attention.cpp:255:0)
INFO: [HLS 214-178] Inlining function 'fpga::fa::load_kv_tile(short const*, short const*, short (*) [64], short (*) [64], int, int, int)' into 'fpga::fa::run_attention_tiled_hls(short const*, short const*, short const*, short*, int, int, short, short, bool, unsigned int*)' (/3.2T/work/fpga-fa/fpga/common/fa_q8_8_attention.cpp:255:0)
INFO: [HLS 214-178] Inlining function 'fpga::fa::compute_kv_tile(short const (*) [64], short const (*) [64], short const (*) [64], short*, unsigned int*, int (*) [64], int, int, int, int, short, short, bool)' into 'fpga::fa::run_attention_tiled_hls(short const*, short const*, short const*, short*, int, int, short, short, bool, unsigned int*)' (/3.2T/work/fpga-fa/fpga/common/fa_q8_8_attention.cpp:255:0)
INFO: [HLS 214-178] Inlining function 'fpga::fa::normalize_tile(short const*, unsigned int const*, int const (*) [64], short (*) [64], int)' into 'fpga::fa::run_attention_tiled_hls(short const*, short const*, short const*, short*, int, int, short, short, bool, unsigned int*)' (/3.2T/work/fpga-fa/fpga/common/fa_q8_8_attention.cpp:255:0)
INFO: [HLS 214-178] Inlining function 'fpga::fa::store_o_tile(short const (*) [64], short*, int, int, int)' into 'fpga::fa::run_attention_tiled_hls(short const*, short const*, short const*, short*, int, int, short, short, bool, unsigned int*)' (/3.2T/work/fpga-fa/fpga/common/fa_q8_8_attention.cpp:255:0)
INFO: [HLS 214-248] Applying array_partition to 'q_tile': Cyclic partitioning with factor 2 on dimension 1. Cyclic partitioning with factor 8 on dimension 2. (/3.2T/work/fpga-fa/fpga/common/fa_q8_8_attention.cpp:274:11)
INFO: [HLS 214-248] Applying array_partition to 'k_tile_ping': Cyclic partitioning with factor 8 on dimension 2. (/3.2T/work/fpga-fa/fpga/common/fa_q8_8_attention.cpp:275:11)
INFO: [HLS 214-248] Applying array_partition to 'k_tile_pong': Cyclic partitioning with factor 8 on dimension 2. (/3.2T/work/fpga-fa/fpga/common/fa_q8_8_attention.cpp:276:11)
INFO: [HLS 214-248] Applying array_partition to 'v_tile_ping': Cyclic partitioning with factor 8 on dimension 2. (/3.2T/work/fpga-fa/fpga/common/fa_q8_8_attention.cpp:277:11)
INFO: [HLS 214-248] Applying array_partition to 'v_tile_pong': Cyclic partitioning with factor 8 on dimension 2. (/3.2T/work/fpga-fa/fpga/common/fa_q8_8_attention.cpp:278:11)
INFO: [HLS 214-248] Applying array_partition to 'o_tile': Cyclic partitioning with factor 2 on dimension 1. Cyclic partitioning with factor 8 on dimension 2. (/3.2T/work/fpga-fa/fpga/common/fa_q8_8_attention.cpp:279:11)
INFO: [HLS 214-248] Applying array_partition to 'row_m': Complete partitioning on dimension 1. (/3.2T/work/fpga-fa/fpga/common/fa_q8_8_attention.cpp:280:11)
INFO: [HLS 214-248] Applying array_partition to 'row_l': Complete partitioning on dimension 1. (/3.2T/work/fpga-fa/fpga/common/fa_q8_8_attention.cpp:281:12)
INFO: [HLS 214-248] Applying array_partition to 'row_acc': Cyclic partitioning with factor 2 on dimension 1. Cyclic partitioning with factor 8 on dimension 2. (/3.2T/work/fpga-fa/fpga/common/fa_q8_8_attention.cpp:282:11)
INFO: [HLS 214-241] Aggregating fifo (hls::stream) variable 'score_stream' with compact=bit mode in 49-bits (/3.2T/work/fpga-fa/fpga/common/fa_q8_8_attention.cpp:61:28)
INFO: [HLS 214-364] Automatically inlining function 'fpga::fa::qk_dotprod_slice_pair(short const*, short const*, short const*, bool, long&, long&)' to improve effectiveness of pipeline pragma in function 'fpga::fa::(anonymous namespace)::generate_score_batch(short const (*) [64], short const (*) [64], int, int, int, int, int, short, short, bool, hls::stream<fpga::fa::(anonymous namespace)::ScorePacket, 0>&)' (/3.2T/work/fpga-fa/fpga/common/fa_q8_8_attention.cpp:94:7)
INFO: [HLS 214-364] Automatically inlining function 'fpga::fa::online_softmax_ctx_acc_row_step(short, short const*, short&, unsigned int&, int*)' to improve effectiveness of pipeline pragma in function 'fpga::fa::(anonymous namespace)::consume_score_batch(short const (*) [64], short*, unsigned int*, int (*) [64], int, int, int, hls::stream<fpga::fa::(anonymous namespace)::ScorePacket, 0>&)' (/3.2T/work/fpga-fa/fpga/common/fa_q8_8_attention.cpp:135:5)
INFO: [HLS 214-364] Automatically inlining function 'fpga::fa::online_softmax_ctx_acc_row_step(short, short const*, short&, unsigned int&, int*)' to improve effectiveness of pipeline pragma in function 'fpga::fa::(anonymous namespace)::consume_score_batch(short const (*) [64], short*, unsigned int*, int (*) [64], int, int, int, hls::stream<fpga::fa::(anonymous namespace)::ScorePacket, 0>&)' (/3.2T/work/fpga-fa/fpga/common/fa_q8_8_attention.cpp:137:7)
INFO: [HLS 214-364] Automatically inlining function 'fpga::fa::to_s32(long)' to improve effectiveness of pipeline pragma in function 'fpga::fa::(anonymous namespace)::consume_score_batch(short const (*) [64], short*, unsigned int*, int (*) [64], int, int, int, hls::stream<fpga::fa::(anonymous namespace)::ScorePacket, 0>&)' (/3.2T/work/fpga-fa/fpga/common/fa_q8_8_online_softmax_ctx.cpp:61:18)
INFO: [HLS 214-115] Multiple burst reads of variable length and bit width 16 in loop 'VITIS_LOOP_182_2'(/3.2T/work/fpga-fa/fpga/common/fa_q8_8_attention.cpp:182:23) has been inferred on bundle 'gmem1'. These burst requests might be further partitioned into multiple requests during RTL generation, based on max_read_burst_length or max_write_burst_length settings. (/3.2T/work/fpga-fa/fpga/common/fa_q8_8_attention.cpp:182:23)
INFO: [HLS 214-115] Multiple burst reads of variable length and bit width 16 in loop 'VITIS_LOOP_182_2'(/3.2T/work/fpga-fa/fpga/common/fa_q8_8_attention.cpp:182:23) has been inferred on bundle 'gmem2'. These burst requests might be further partitioned into multiple requests during RTL generation, based on max_read_burst_length or max_write_burst_length settings. (/3.2T/work/fpga-fa/fpga/common/fa_q8_8_attention.cpp:182:23)
INFO: [HLS 200-111] Finished Command csynth_design CPU user time: 307.05 seconds. CPU system time: 10.54 seconds. Elapsed time: 319.87 seconds; current allocated memory: 70.230 MB.
could not read "/3.2T/work/fpga-fa/fpga/hls/fa_attention_kernel/build/fa_attention_kernel_hls/solution1/.autopilot/db/a.g.lto.bc": no such file or directory
    while executing
"source run_hls.tcl"
    invoked from within
"hls::main run_hls.tcl build/fa_attention_kernel.xo xck26-sfvc784-2LV-c 5.0"
    ("uplevel" body line 1)
    invoked from within
"uplevel 1 hls::main {*}$newargs"
    (procedure "hls_proc" line 16)
    invoked from within
"hls_proc [info nameofexecutable] $argv"
INFO: [HLS 200-112] Total CPU user time: 310.3 seconds. Total CPU system time: 11.94 seconds. Total elapsed time: 324.3 seconds; peak allocated memory: 1.156 GB.
INFO: [Common 17-206] Exiting vitis_hls at Tue Apr  7 00:03:05 2026...
e run_hls.tcl"
    invoked from within
"hls::main run_hls.tcl build/fa_attention_kernel.xo xck26-sfvc784-2LV-c 5.0"
    ("uplevel" body line 1)
    invoked from within
"uplevel 1 hls::main {*}$newargs"
    (procedure "hls_proc" line 16)
    invoked from within
"hls_proc [info nameofexecutable] $argv"
INFO: [HLS 200-112] Total CPU user time: 312.34 seconds. Total CPU system time: 10.85 seconds. Total elapsed time: 323.43 seconds; peak allocated memory: 1.157 GB.
INFO: [Common 17-206] Exiting vitis_hls at Mon Apr  6 23:57:45 2026...
